Component: ARM Compiler 5.06 update 6 (build 750) Tool: armlink [4d35ed]

==============================================================================

Section Cross References

    main.o(i.app_tick_handler) refers to boards.o(i.bsp_board_led_invert) for bsp_board_led_invert
    main.o(i.bsp_event_handler) refers to bsp_nfc.o(i.bsp_nfc_sleep_mode_prepare) for bsp_nfc_sleep_mode_prepare
    main.o(i.bsp_event_handler) refers to app_error.o(i.app_error_handler_bare) for app_error_handler_bare
    main.o(i.bsp_event_handler) refers to bsp.o(i.bsp_buttons_disable) for bsp_buttons_disable
    main.o(i.bsp_event_handler) refers to app_timer.o(i.app_timer_stop) for app_timer_stop
    main.o(i.bsp_event_handler) refers to boards.o(i.bsp_board_led_off) for bsp_board_led_off
    main.o(i.bsp_event_handler) refers to main.o(.constdata) for .constdata
    main.o(i.bsp_event_handler) refers to main.o(.data) for .data
    main.o(i.main) refers to main.o(i.utils_setup) for utils_setup
    main.o(i.main) refers to boards.o(i.bsp_board_led_on) for bsp_board_led_on
    main.o(i.main) refers to nrf_log_frontend.o(i.nrf_log_frontend_dequeue) for nrf_log_frontend_dequeue
    main.o(i.main) refers to main.o(.data) for .data
    main.o(i.main) refers to main.o(.constdata) for .constdata
    main.o(i.utils_setup) refers to nrf_log_frontend.o(i.nrf_log_init) for nrf_log_init
    main.o(i.utils_setup) refers to app_error.o(i.app_error_handler_bare) for app_error_handler_bare
    main.o(i.utils_setup) refers to nrf_log_default_backends.o(i.nrf_log_default_backends_init) for nrf_log_default_backends_init
    main.o(i.utils_setup) refers to nrf_drv_clock.o(i.nrf_drv_clock_init) for nrf_drv_clock_init
    main.o(i.utils_setup) refers to nrf_drv_clock.o(i.nrf_drv_clock_lfclk_request) for nrf_drv_clock_lfclk_request
    main.o(i.utils_setup) refers to app_timer.o(i.app_timer_init) for app_timer_init
    main.o(i.utils_setup) refers to bsp.o(i.bsp_init) for bsp_init
    main.o(i.utils_setup) refers to bsp_nfc.o(i.bsp_nfc_btn_init) for bsp_nfc_btn_init
    main.o(i.utils_setup) refers to app_timer.o(i.app_timer_create) for app_timer_create
    main.o(i.utils_setup) refers to app_timer.o(i.app_timer_start) for app_timer_start
    main.o(i.utils_setup) refers to main.o(i.bsp_event_handler) for bsp_event_handler
    main.o(i.utils_setup) refers to main.o(i.app_tick_handler) for app_tick_handler
    main.o(i.utils_setup) refers to main.o(.constdata) for .constdata
    main.o(.constdata) refers to main.o(.bss) for m_tick_timer_data
    boards.o(i.bsp_board_button_idx_to_pin) refers to boards.o(.constdata) for .constdata
    boards.o(i.bsp_board_button_state_get) refers to boards.o(.constdata) for .constdata
    boards.o(i.bsp_board_init) refers to boards.o(i.nrf_gpio_cfg) for nrf_gpio_cfg
    boards.o(i.bsp_board_init) refers to boards.o(i.bsp_board_leds_off) for bsp_board_leds_off
    boards.o(i.bsp_board_init) refers to boards.o(.constdata) for .constdata
    boards.o(i.bsp_board_led_idx_to_pin) refers to boards.o(.constdata) for .constdata
    boards.o(i.bsp_board_led_invert) refers to boards.o(.constdata) for .constdata
    boards.o(i.bsp_board_led_off) refers to boards.o(i.nrf_gpio_pin_write) for nrf_gpio_pin_write
    boards.o(i.bsp_board_led_off) refers to boards.o(.constdata) for .constdata
    boards.o(i.bsp_board_led_on) refers to boards.o(i.nrf_gpio_pin_write) for nrf_gpio_pin_write
    boards.o(i.bsp_board_led_on) refers to boards.o(.constdata) for .constdata
    boards.o(i.bsp_board_led_state_get) refers to boards.o(.constdata) for .constdata
    boards.o(i.bsp_board_leds_off) refers to boards.o(i.bsp_board_led_off) for bsp_board_led_off
    boards.o(i.bsp_board_leds_on) refers to boards.o(i.bsp_board_led_on) for bsp_board_led_on
    boards.o(i.bsp_board_pin_to_button_idx) refers to boards.o(.constdata) for .constdata
    boards.o(i.bsp_board_pin_to_led_idx) refers to boards.o(.constdata) for .constdata
    bsp.o(i.alert_timer_handler) refers to boards.o(i.bsp_board_led_invert) for bsp_board_led_invert
    bsp.o(i.bsp_button_event_handler) refers to boards.o(i.bsp_board_pin_to_button_idx) for bsp_board_pin_to_button_idx
    bsp.o(i.bsp_button_event_handler) refers to app_timer.o(i.app_timer_start) for app_timer_start
    bsp.o(i.bsp_button_event_handler) refers to app_timer.o(i.app_timer_stop) for app_timer_stop
    bsp.o(i.bsp_button_event_handler) refers to bsp.o(.constdata) for .constdata
    bsp.o(i.bsp_button_event_handler) refers to bsp.o(.data) for .data
    bsp.o(i.bsp_button_event_handler) refers to bsp.o(.bss) for .bss
    bsp.o(i.bsp_button_is_pressed) refers to boards.o(i.bsp_board_button_state_get) for bsp_board_button_state_get
    bsp.o(i.bsp_buttons_disable) refers to app_button.o(i.app_button_disable) for app_button_disable
    bsp.o(i.bsp_buttons_enable) refers to app_button.o(i.app_button_enable) for app_button_enable
    bsp.o(i.bsp_event_to_button_action_assign) refers to bsp.o(.bss) for .bss
[...]
    i.invalid_packets_pushed_str_omit        0x000016e4   Section        0  nrf_log_frontend.o(i.invalid_packets_pushed_str_omit)
    invalid_packets_pushed_str_omit          0x000016e5   Thumb Code    76  nrf_log_frontend.o(i.invalid_packets_pushed_str_omit)
    i.item_enqueue                           0x00001730   Section        0  nrf_drv_clock.o(i.item_enqueue)
    item_enqueue                             0x00001731   Thumb Code    22  nrf_drv_clock.o(i.item_enqueue)
    i.leds_off                               0x00001748   Section        0  bsp.o(i.leds_off)
    leds_off                                 0x00001749   Thumb Code    42  bsp.o(i.leds_off)
    i.leds_timer_handler                     0x00001778   Section        0  bsp.o(i.leds_timer_handler)
    leds_timer_handler                       0x00001779   Thumb Code    16  bsp.o(i.leds_timer_handler)
    i.list_insertions_handler                0x0000178c   Section        0  app_timer.o(i.list_insertions_handler)
    list_insertions_handler                  0x0000178d   Thumb Code   234  app_timer.o(i.list_insertions_handler)
    i.log_skip                               0x00001884   Section        0  nrf_log_frontend.o(i.log_skip)
    log_skip                                 0x00001885   Thumb Code   148  nrf_log_frontend.o(i.log_skip)
    i.main                                   0x00001920   Section        0  main.o(i.main)
    i.memobj_op                              0x00001968   Section        0  nrf_memobj.o(i.memobj_op)
    memobj_op                                0x00001969   Thumb Code   118  nrf_memobj.o(i.memobj_op)
    i.module_idx_get                         0x000019e0   Section        0  nrf_log_frontend.o(i.module_idx_get)
    module_idx_get                           0x000019e1   Thumb Code    44  nrf_log_frontend.o(i.module_idx_get)
    i.nrf_atomic_flag_clear_fetch            0x00001a10   Section        0  nrf_atomic.o(i.nrf_atomic_flag_clear_fetch)
    i.nrf_atomic_flag_set                    0x00001a16   Section        0  nrf_atomic.o(i.nrf_atomic_flag_set)
    i.nrf_atomic_u32_add                     0x00001a1c   Section        0  nrf_atomic.o(i.nrf_atomic_u32_add)
    i.nrf_atomic_u32_fetch_and               0x00001a28   Section        0  nrf_atomic.o(i.nrf_atomic_u32_fetch_and)
    i.nrf_atomic_u32_fetch_store             0x00001a32   Section        0  nrf_atomic.o(i.nrf_atomic_u32_fetch_store)
    i.nrf_atomic_u32_or                      0x00001a3c   Section        0  nrf_atomic.o(i.nrf_atomic_u32_or)
    i.nrf_atomic_u32_sub                     0x00001a48   Section        0  nrf_atomic.o(i.nrf_atomic_u32_sub)
    i.nrf_balloc_alloc                       0x00001a54   Section        0  nrf_balloc.o(i.nrf_balloc_alloc)
    i.nrf_balloc_free                        0x00001a92   Section        0  nrf_balloc.o(i.nrf_balloc_free)
    i.nrf_balloc_init                        0x00001abc   Section        0  nrf_balloc.o(i.nrf_balloc_init)
    i.nrf_bitmask_bit_is_set                 0x00001aec   Section        0  nrfx_gpiote.o(i.nrf_bitmask_bit_is_set)
    nrf_bitmask_bit_is_set                   0x00001aed   Thumb Code    16  nrfx_gpiote.o(i.nrf_bitmask_bit_is_set)
    i.nrf_bitmask_bit_set                    0x00001afc   Section        0  nrfx_gpiote.o(i.nrf_bitmask_bit_set)
    nrf_bitmask_bit_set                      0x00001afd   Thumb Code    20  nrfx_gpiote.o(i.nrf_bitmask_bit_set)
    i.nrf_clock_event_check                  0x00001b10   Section        0  nrfx_clock.o(i.nrf_clock_event_check)
    nrf_clock_event_check                    0x00001b11   Thumb Code    14  nrfx_clock.o(i.nrf_clock_event_check)
    i.nrf_clock_event_clear                  0x00001b1e   Section        0  nrfx_clock.o(i.nrf_clock_event_clear)
    nrf_clock_event_clear                    0x00001b1f   Thumb Code    16  nrfx_clock.o(i.nrf_clock_event_clear)
    i.nrf_drv_clock_init                     0x00001b30   Section        0  nrf_drv_clock.o(i.nrf_drv_clock_init)
    i.nrf_drv_clock_lfclk_request            0x00001b64   Section        0  nrf_drv_clock.o(i.nrf_drv_clock_lfclk_request)
    i.nrf_drv_uart_init                      0x00001bac   Section        0  nrf_drv_uart.o(i.nrf_drv_uart_init)
    i.nrf_fprintf                            0x00001c14   Section        0  nrf_fprintf.o(i.nrf_fprintf)
    i.nrf_fprintf_buffer_flush               0x00001c2e   Section        0  nrf_fprintf.o(i.nrf_fprintf_buffer_flush)
    i.nrf_fprintf_fmt                        0x00001c46   Section        0  nrf_fprintf_format.o(i.nrf_fprintf_fmt)
    i.nrf_gpio_cfg                           0x00001e20   Section        0  boards.o(i.nrf_gpio_cfg)
    nrf_gpio_cfg                             0x00001e21   Thumb Code    36  boards.o(i.nrf_gpio_cfg)
    i.nrf_gpio_cfg                           0x00001e44   Section        0  nrfx_gpiote.o(i.nrf_gpio_cfg)
    nrf_gpio_cfg                             0x00001e45   Thumb Code    36  nrfx_gpiote.o(i.nrf_gpio_cfg)
    i.nrf_gpio_cfg                           0x00001e68   Section        0  nrfx_uart.o(i.nrf_gpio_cfg)
    nrf_gpio_cfg                             0x00001e69   Thumb Code    36  nrfx_uart.o(i.nrf_gpio_cfg)
    i.nrf_gpio_cfg                           0x00001e8c   Section        0  nrfx_uarte.o(i.nrf_gpio_cfg)
    nrf_gpio_cfg                             0x00001e8d   Thumb Code    36  nrfx_uarte.o(i.nrf_gpio_cfg)
    i.nrf_gpio_cfg_default                   0x00001eb0   Section        0  nrfx_uart.o(i.nrf_gpio_cfg_default)
    nrf_gpio_cfg_default                     0x00001eb1   Thumb Code    18  nrfx_uart.o(i.nrf_gpio_cfg_default)
    i.nrf_gpio_cfg_default                   0x00001ec2   Section        0  nrfx_uarte.o(i.nrf_gpio_cfg_default)
    nrf_gpio_cfg_default                     0x00001ec3   Thumb Code    18  nrfx_uarte.o(i.nrf_gpio_cfg_default)
    i.nrf_gpio_cfg_input                     0x00001ed4   Section        0  nrfx_uart.o(i.nrf_gpio_cfg_input)
    nrf_gpio_cfg_input                       0x00001ed5   Thumb Code    18  nrfx_uart.o(i.nrf_gpio_cfg_input)
    i.nrf_gpio_cfg_input                     0x00001ee6   Section        0  nrfx_uarte.o(i.nrf_gpio_cfg_input)
    nrf_gpio_cfg_input                       0x00001ee7   Thumb Code    18  nrfx_uarte.o(i.nrf_gpio_cfg_input)
    i.nrf_gpio_cfg_output                    0x00001ef8   Section        0  nrfx_uart.o(i.nrf_gpio_cfg_output)
    nrf_gpio_cfg_output                      0x00001ef9   Thumb Code    20  nrfx_uart.o(i.nrf_gpio_cfg_output)
    i.nrf_gpio_cfg_output                    0x00001f0c   Section        0  nrfx_uarte.o(i.nrf_gpio_cfg_output)
    nrf_gpio_cfg_output                      0x00001f0d   Thumb Code    20  nrfx_uarte.o(i.nrf_gpio_cfg_output)
    i.nrf_gpio_cfg_sense_set                 0x00001f20   Section        0  nrfx_gpiote.o(i.nrf_gpio_cfg_sense_set)
    nrf_gpio_cfg_sense_set                   0x00001f21   Thumb Code    34  nrfx_gpiote.o(i.nrf_gpio_cfg_sense_set)
    i.nrf_gpio_pin_write                     0x00001f42   Section        0  boards.o(i.nrf_gpio_pin_write)
    nrf_gpio_pin_write                       0x00001f43   Thumb Code    22  boards.o(i.nrf_gpio_pin_write)
    i.nrf_gpio_ports_read                    0x00001f58   Section        0  nrfx_gpiote.o(i.nrf_gpio_ports_read)
    nrf_gpio_ports_read                      0x00001f59   Thumb Code    34  nrfx_gpiote.o(i.nrf_gpio_ports_read)
    i.nrf_gpiote_event_clear                 0x00001f80   Section        0  nrfx_gpiote.o(i.nrf_gpiote_event_clear)
    nrf_gpiote_event_clear                   0x00001f81   Thumb Code    16  nrfx_gpiote.o(i.nrf_gpiote_event_clear)
    i.nrf_gpiote_event_is_set                0x00001f94   Section        0  nrfx_gpiote.o(i.nrf_gpiote_event_is_set)
    nrf_gpiote_event_is_set                  0x00001f95   Thumb Code    12  nrfx_gpiote.o(i.nrf_gpiote_event_is_set)
    i.nrf_log_backend_add                    0x00001fa4   Section        0  nrf_log_frontend.o(i.nrf_log_backend_add)
    i.nrf_log_backend_serial_put             0x00001ff4   Section        0  nrf_log_backend_serial.o(i.nrf_log_backend_serial_put)
    i.nrf_log_backend_uart_flush             0x000020bc   Section        0  nrf_log_backend_uart.o(i.nrf_log_backend_uart_flush)
    nrf_log_backend_uart_flush               0x000020bd   Thumb Code     2  nrf_log_backend_uart.o(i.nrf_log_backend_uart_flush)
    i.nrf_log_backend_uart_init              0x000020be   Section        0  nrf_log_backend_uart.o(i.nrf_log_backend_uart_init)
    i.nrf_log_backend_uart_panic_set         0x000020c4   Section        0  nrf_log_backend_uart.o(i.nrf_log_backend_uart_panic_set)
    nrf_log_backend_uart_panic_set           0x000020c5   Thumb Code    36  nrf_log_backend_uart.o(i.nrf_log_backend_uart_panic_set)
    i.nrf_log_backend_uart_put               0x000020f0   Section        0  nrf_log_backend_uart.o(i.nrf_log_backend_uart_put)
    nrf_log_backend_uart_put                 0x000020f1   Thumb Code    16  nrf_log_backend_uart.o(i.nrf_log_backend_uart_put)
    i.nrf_log_color_id_get                   0x00002108   Section        0  nrf_log_frontend.o(i.nrf_log_color_id_get)
    i.nrf_log_default_backends_init          0x00002138   Section        0  nrf_log_default_backends.o(i.nrf_log_default_backends_init)
    i.nrf_log_frontend_dequeue               0x00002154   Section        0  nrf_log_frontend.o(i.nrf_log_frontend_dequeue)
    i.nrf_log_frontend_std_0                 0x0000236c   Section        0  nrf_log_frontend.o(i.nrf_log_frontend_std_0)
    i.nrf_log_hexdump_entry_process          0x00002374   Section        0  nrf_log_str_formatter.o(i.nrf_log_hexdump_entry_process)
    i.nrf_log_init                           0x00002420   Section        0  nrf_log_frontend.o(i.nrf_log_init)
    i.nrf_log_module_cnt_get                 0x00002478   Section        0  nrf_log_frontend.o(i.nrf_log_module_cnt_get)
    i.nrf_log_module_name_get                0x0000248c   Section        0  nrf_log_frontend.o(i.nrf_log_module_name_get)
    i.nrf_log_panic                          0x000024a8   Section        0  nrf_log_frontend.o(i.nrf_log_panic)
    i.nrf_log_std_entry_process              0x000024d0   Section        0  nrf_log_str_formatter.o(i.nrf_log_std_entry_process)
    i.nrf_memobj_alloc                       0x00002586   Section        0  nrf_memobj.o(i.nrf_memobj_alloc)
    i.nrf_memobj_free                        0x000025e6   Section        0  nrf_memobj.o(i.nrf_memobj_free)
    i.nrf_memobj_get                         0x00002618   Section        0  nrf_memobj.o(i.nrf_memobj_get)
    i.nrf_memobj_pool_init                   0x00002620   Section        0  nrf_memobj.o(i.nrf_memobj_pool_init)
    i.nrf_memobj_put                         0x00002624   Section        0  nrf_memobj.o(i.nrf_memobj_put)
    i.nrf_memobj_read                        0x00002642   Section        0  nrf_memobj.o(i.nrf_memobj_read)
    i.nrf_memobj_write                       0x0000264e   Section        0  nrf_memobj.o(i.nrf_memobj_write)
    i.nrf_uart_event_check                   0x0000265a   Section        0  nrfx_uart.o(i.nrf_uart_event_check)
    nrf_uart_event_check                     0x0000265b   Thumb Code    10  nrfx_uart.o(i.nrf_uart_event_check)
    i.nrf_uart_event_clear                   0x00002664   Section        0  nrfx_uart.o(i.nrf_uart_event_clear)
    nrf_uart_event_clear                     0x00002665   Thumb Code    12  nrfx_uart.o(i.nrf_uart_event_clear)
    i.nrf_uart_int_enable_check              0x00002670   Section        0  nrfx_uart.o(i.nrf_uart_int_enable_check)
    nrf_uart_int_enable_check                0x00002671   Thumb Code    12  nrfx_uart.o(i.nrf_uart_int_enable_check)
    i.nrf_uarte_event_check                  0x0000267c   Section        0  nrfx_uarte.o(i.nrf_uarte_event_check)
    nrf_uarte_event_check                    0x0000267d   Thumb Code    10  nrfx_uarte.o(i.nrf_uarte_event_check)
    i.nrf_uarte_event_clear                  0x00002686   Section        0  nrfx_uarte.o(i.nrf_uarte_event_clear)
    nrf_uarte_event_clear                    0x00002687   Thumb Code    12  nrfx_uarte.o(i.nrf_uarte_event_clear)
    i.nrfx_clock_enable                      0x00002694   Section        0  nrfx_clock.o(i.nrfx_clock_enable)
    i.nrfx_clock_init                        0x000026c0   Section        0  nrfx_clock.o(i.nrfx_clock_init)
    i.nrfx_clock_lfclk_start                 0x000026e0   Section        0  nrfx_clock.o(i.nrfx_clock_lfclk_start)
    i.nrfx_coredep_delay_us                  0x0000272c   Section        0  app_timer.o(i.nrfx_coredep_delay_us)
    nrfx_coredep_delay_us                    0x0000272d   Thumb Code    12  app_timer.o(i.nrfx_coredep_delay_us)
    i.nrfx_gpiote_in_event_disable           0x0000273c   Section        0  nrfx_gpiote.o(i.nrfx_gpiote_in_event_disable)
    i.nrfx_gpiote_in_event_enable            0x00002784   Section        0  nrfx_gpiote.o(i.nrfx_gpiote_in_event_enable)
    i.nrfx_gpiote_in_init                    0x00002828   Section        0  nrfx_gpiote.o(i.nrfx_gpiote_in_init)
    i.nrfx_gpiote_in_is_set                  0x000028f8   Section        0  nrfx_gpiote.o(i.nrfx_gpiote_in_is_set)
    i.nrfx_gpiote_init                       0x0000290c   Section        0  nrfx_gpiote.o(i.nrfx_gpiote_init)
    i.nrfx_gpiote_is_init                    0x0000297c   Section        0  nrfx_gpiote.o(i.nrfx_gpiote_is_init)
    i.nrfx_is_in_ram                         0x00002990   Section        0  nrfx_uarte.o(i.nrfx_is_in_ram)
    nrfx_is_in_ram                           0x00002991   Thumb Code    16  nrfx_uarte.o(i.nrfx_is_in_ram)
    i.nrfx_prs_acquire                       0x000029a0   Section        0  nrfx_prs.o(i.nrfx_prs_acquire)
    i.nrfx_prs_release                       0x000029d0   Section        0  nrfx_prs.o(i.nrfx_prs_release)
    i.nrfx_uart_0_irq_handler                0x000029e4   Section        0  nrfx_uart.o(i.nrfx_uart_0_irq_handler)
    i.nrfx_uart_init                         0x000029f4   Section        0  nrfx_uart.o(i.nrfx_uart_init)
    i.nrfx_uart_tx                           0x00002ac8   Section        0  nrfx_uart.o(i.nrfx_uart_tx)
    i.nrfx_uart_tx_in_progress               0x00002b6c   Section        0  nrfx_uart.o(i.nrfx_uart_tx_in_progress)
    i.nrfx_uart_uninit                       0x00002b8c   Section        0  nrfx_uart.o(i.nrfx_uart_uninit)
    i.nrfx_uarte_0_irq_handler               0x00002c40   Section        0  nrfx_uarte.o(i.nrfx_uarte_0_irq_handler)
    i.nrfx_uarte_init                        0x00002c50   Section        0  nrfx_uarte.o(i.nrfx_uarte_init)
    i.nrfx_uarte_tx                          0x00002cbc   Section        0  nrfx_uarte.o(i.nrfx_uarte_tx)
    i.nrfx_uarte_tx_in_progress              0x00002d4c   Section        0  nrfx_uarte.o(i.nrfx_uarte_tx_in_progress)
    i.nrfx_uarte_uninit                      0x00002d68   Section        0  nrfx_uarte.o(i.nrfx_uarte_uninit)
    i.pin_in_use_by_port                     0x00002e18   Section        0  nrfx_gpiote.o(i.pin_in_use_by_port)
    pin_in_use_by_port                       0x00002e19   Thumb Code    20  nrfx_gpiote.o(i.pin_in_use_by_port)
    i.pin_in_use_by_te                       0x00002e30   Section        0  nrfx_gpiote.o(i.pin_in_use_by_te)
    pin_in_use_by_te                         0x00002e31   Thumb Code    20  nrfx_gpiote.o(i.pin_in_use_by_te)
    i.postfix_process                        0x00002e48   Section        0  nrf_log_str_formatter.o(i.postfix_process)
    postfix_process                          0x00002e49   Thumb Code    48  nrf_log_str_formatter.o(i.postfix_process)
    i.prefix_process                         0x00002e84   Section        0  nrf_log_str_formatter.o(i.prefix_process)
    prefix_process                           0x00002e85   Thumb Code    90  nrf_log_str_formatter.o(i.prefix_process)
    i.prs_box_get                            0x00002f1c   Section        0  nrfx_prs.o(i.prs_box_get)
    prs_box_get                              0x00002f1d   Thumb Code    14  nrfx_prs.o(i.prs_box_get)
    i.rtc1_stop                              0x00002f34   Section        0  app_timer.o(i.rtc1_stop)
    rtc1_stop                                0x00002f35   Thumb Code    52  app_timer.o(i.rtc1_stop)
    i.rx_byte                                0x00002f70   Section        0  nrfx_uart.o(i.rx_byte)
    rx_byte                                  0x00002f71   Thumb Code    50  nrfx_uart.o(i.rx_byte)
    i.rx_done_event                          0x00002fa2   Section        0  nrfx_uart.o(i.rx_done_event)
    rx_done_event                            0x00002fa3   Thumb Code    22  nrfx_uart.o(i.rx_done_event)
    i.rx_done_event                          0x00002fb8   Section        0  nrfx_uarte.o(i.rx_done_event)
    rx_done_event                            0x00002fb9   Thumb Code    24  nrfx_uarte.o(i.rx_done_event)
    i.serial_tx                              0x00002fd0   Section        0  nrf_log_backend_uart.o(i.serial_tx)
    serial_tx                                0x00002fd1   Thumb Code    54  nrf_log_backend_uart.o(i.serial_tx)
    i.std_n                                  0x00003010   Section        0  nrf_log_frontend.o(i.std_n)
    std_n                                    0x00003011   Thumb Code   136  nrf_log_frontend.o(i.std_n)
    i.timer_list_handler                     0x0000309c   Section        0  app_timer.o(i.timer_list_handler)
    timer_list_handler                       0x0000309d   Thumb Code   122  app_timer.o(i.timer_list_handler)
    i.timer_list_insert                      0x0000311c   Section        0  app_timer.o(i.timer_list_insert)
    timer_list_insert                        0x0000311d   Thumb Code    56  app_timer.o(i.timer_list_insert)
    i.timer_list_remove                      0x00003158   Section        0  app_timer.o(i.timer_list_remove)
    timer_list_remove                        0x00003159   Thumb Code    88  app_timer.o(i.timer_list_remove)
    i.timer_stop_op_schedule                 0x000031b8   Section        0  app_timer.o(i.timer_stop_op_schedule)
    timer_stop_op_schedule                   0x000031b9   Thumb Code    60  app_timer.o(i.timer_stop_op_schedule)
    i.timer_timeouts_check                   0x000031f8   Section        0  app_timer.o(i.timer_timeouts_check)
    timer_timeouts_check                     0x000031f9   Thumb Code   106  app_timer.o(i.timer_timeouts_check)
    i.tx_byte                                0x0000326c   Section        0  nrfx_uart.o(i.tx_byte)
    tx_byte                                  0x0000326d   Thumb Code    32  nrfx_uart.o(i.tx_byte)
    i.tx_done_event                          0x0000328c   Section        0  nrfx_uart.o(i.tx_done_event)
    tx_done_event                            0x0000328d   Thumb Code    26  nrfx_uart.o(i.tx_done_event)
    i.uart_evt_handler                       0x000032a8   Section        0  nrf_drv_uart.o(i.uart_evt_handler)
    uart_evt_handler                         0x000032a9   Thumb Code    42  nrf_drv_uart.o(i.uart_evt_handler)
    i.uart_evt_handler                       0x000032d8   Section        0  nrf_log_backend_uart.o(i.uart_evt_handler)
    uart_evt_handler                         0x000032d9   Thumb Code     8  nrf_log_backend_uart.o(i.uart_evt_handler)
    i.uart_init                              0x000032e4   Section        0  nrf_log_backend_uart.o(i.uart_init)
    uart_init                                0x000032e5   Thumb Code    66  nrf_log_backend_uart.o(i.uart_init)
    i.uart_irq_handler                       0x00003334   Section        0  nrfx_uart.o(i.uart_irq_handler)
    uart_irq_handler                         0x00003335   Thumb Code   296  nrfx_uart.o(i.uart_irq_handler)
    i.uarte_evt_handler                      0x0000345c   Section        0  nrf_drv_uart.o(i.uarte_evt_handler)
    uarte_evt_handler                        0x0000345d   Thumb Code    42  nrf_drv_uart.o(i.uarte_evt_handler)
    i.uarte_irq_handler                      0x0000348c   Section        0  nrfx_uarte.o(i.uarte_irq_handler)
    uarte_irq_handler                        0x0000348d   Thumb Code   244  nrfx_uarte.o(i.uarte_irq_handler)
    i.unsigned_print                         0x00003580   Section        0  nrf_fprintf_format.o(i.unsigned_print)
    unsigned_print                           0x00003581   Thumb Code   176  nrf_fprintf_format.o(i.unsigned_print)
    i.user_op_alloc                          0x00003634   Section        0  app_timer.o(i.user_op_alloc)
    user_op_alloc                            0x00003635   Thumb Code    42  app_timer.o(i.user_op_alloc)
    i.utils_setup                            0x00003664   Section        0  main.o(i.utils_setup)
    utils_setup                              0x00003665   Thumb Code   118  main.o(i.utils_setup)
    .constdata                               0x000036f0   Section       22  main.o(.constdata)
    m_tick_timer                             0x000036f0   Data           4  main.o(.constdata)
    delay_bytecode                           0x00003700   Data           6  main.o(.constdata)
    .constdata                               0x00003706   Section        8  boards.o(.constdata)
    m_board_led_list                         0x00003706   Data           4  boards.o(.constdata)
    m_board_btn_list                         0x0000370a   Data           4  boards.o(.constdata)
    .constdata                               0x00003710   Section       44  bsp.o(.constdata)
    m_bsp_leds_tmr                           0x00003710   Data           4  bsp.o(.constdata)
    m_bsp_alert_tmr                          0x00003714   Data           4  bsp.o(.constdata)
    m_bsp_button_tmr                         0x00003718   Data           4  bsp.o(.constdata)
    app_buttons                              0x0000371c   Data          32  bsp.o(.constdata)
    .constdata                               0x0000373c   Section        4  nrfx_gpiote.o(.constdata)
    .constdata                               0x00003740   Section        4  nrfx_uart.o(.constdata)
    irq_handlers                             0x00003740   Data           4  nrfx_uart.o(.constdata)
    .constdata                               0x00003744   Section        4  nrfx_uarte.o(.constdata)
    irq_handlers                             0x00003744   Data           4  nrfx_uarte.o(.constdata)
    .constdata                               0x00003748   Section        8  app_button.o(.constdata)
    m_detection_delay_timer_id               0x0000374c   Data           4  app_button.o(.constdata)
    .constdata                               0x00003750   Section        6  app_timer.o(.constdata)
    delay_bytecode                           0x00003750   Data           6  app_timer.o(.constdata)
    .constdata                               0x00003756   Section       16  nrf_fprintf_format.o(.constdata)
    _aV2C                                    0x00003756   Data          16  nrf_fprintf_format.o(.constdata)
    .constdata                               0x00003768   Section       12  nrf_log_backend_uart.o(.constdata)
    .constdata                               0x00003774   Section       32  nrf_log_backend_uart.o(.constdata)
    .constdata                               0x00003794   Section      129  ctype_o.o(.constdata)
    .constdata                               0x00003818   Section        4  ctype_o.o(.constdata)
    table                                    0x00003818   Data           4  ctype_o.o(.constdata)
    .conststring                             0x0000381c   Section      102  nrf_log_str_formatter.o(.conststring)
    .conststrlit                             0x00003884   Section        6  nrf_drv_clock.o(.conststrlit)
    .conststrlit                             0x0000388c   Section        6  nrfx_clock.o(.conststrlit)
    .conststrlit                             0x00003894   Section        7  nrfx_gpiote.o(.conststrlit)
    .conststrlit                             0x0000389c   Section        4  nrfx_prs.o(.conststrlit)
    .conststrlit                             0x000038a0   Section        5  nrfx_uart.o(.conststrlit)
    .conststrlit                             0x000038a8   Section        6  nrfx_uarte.o(.conststrlit)
    .conststrlit                             0x000038b0   Section       24  nrf_log_frontend.o(.conststrlit)
    log_const_data                           0x000038e8   Section        8  nrf_drv_clock.o(log_const_data)
    __tagsym$$used                           0x000038e8   Number         0  nrf_drv_clock.o(log_const_data)
    log_const_data                           0x000038f0   Section        8  nrfx_clock.o(log_const_data)
    __tagsym$$used                           0x000038f0   Number         0  nrfx_clock.o(log_const_data)
    log_const_data                           0x000038f8   Section        8  nrfx_gpiote.o(log_const_data)
    __tagsym$$used                           0x000038f8   Number         0  nrfx_gpiote.o(log_const_data)
    log_const_data                           0x00003900   Section        8  nrfx_prs.o(log_const_data)
    __tagsym$$used                           0x00003900   Number         0  nrfx_prs.o(log_const_data)
    log_const_data                           0x00003908   Section        8  nrfx_uart.o(log_const_data)
    __tagsym$$used                           0x00003908   Number         0  nrfx_uart.o(log_const_data)
    log_const_data                           0x00003910   Section        8  nrfx_uarte.o(log_const_data)
    __tagsym$$used                           0x00003910   Number         0  nrfx_uarte.o(log_const_data)
    log_const_data                           0x00003918   Section       16  nrf_log_frontend.o(log_const_data)
    __tagsym$$used                           0x00003918   Number         0  nrf_log_frontend.o(log_const_data)
    __tagsym$$used                           0x00003920   Number         0  nrf_log_frontend.o(log_const_data)
    nrf_balloc                               0x00003928   Section       24  nrf_log_frontend.o(nrf_balloc)
    __tagsym$$used                           0x00003928   Number         0  nrf_log_frontend.o(nrf_balloc)
    .data                                    0x20000000   Section        1  main.o(.data)
    m_system_off_mode_on                     0x20000000   Data           1  main.o(.data)
    .data                                    0x20000004   Section       16  bsp.o(.data)
    m_stable_state                           0x20000004   Data           1  bsp.o(.data)
    m_leds_clear                             0x20000005   Data           1  bsp.o(.data)
    m_alert_on                               0x20000006   Data           1  bsp.o(.data)
    current_long_push_pin_no                 0x20000007   Data           1  bsp.o(.data)
    m_indication_type                        0x20000008   Data           4  bsp.o(.data)
    m_registered_callback                    0x2000000c   Data           4  bsp.o(.data)
    release_event_at_push                    0x20000010   Data           4  bsp.o(.data)
    .data                                    0x20000014   Section       12  nrf_drv_uart.o(.data)
    m_handlers                               0x20000018   Data           4  nrf_drv_uart.o(.data)
    m_contexts                               0x2000001c   Data           4  nrf_drv_uart.o(.data)
    .data                                    0x20000020   Section        8  nrfx_clock.o(.data)
    m_clock_cb                               0x20000020   Data           8  nrfx_clock.o(.data)
    .data                                    0x20000028   Section        8  nrfx_prs.o(.data)
    m_prs_box_4                              0x20000028   Data           8  nrfx_prs.o(.data)
    .data                                    0x20000030   Section       32  app_button.o(.data)
    m_button_count                           0x20000030   Data           1  app_button.o(.data)
    mp_buttons                               0x20000034   Data           4  app_button.o(.data)
    m_detection_delay                        0x20000038   Data           4  app_button.o(.data)
    m_pin_state                              0x20000040   Data           8  app_button.o(.data)
    m_pin_transition                         0x20000048   Data           8  app_button.o(.data)
    .data                                    0x20000050   Section       20  app_timer.o(.data)
    m_ticks_elapsed_q_read_ind               0x20000050   Data           1  app_timer.o(.data)
    m_ticks_elapsed_q_write_ind              0x20000051   Data           1  app_timer.o(.data)
    m_rtc1_running                           0x20000052   Data           1  app_timer.o(.data)
    m_rtc1_reset                             0x20000053   Data           1  app_timer.o(.data)
    mp_timer_id_head                         0x20000054   Data           4  app_timer.o(.data)
    m_ticks_latest                           0x20000058   Data           4  app_timer.o(.data)
    m_ticks_elapsed                          0x2000005c   Data           8  app_timer.o(.data)
    .data                                    0x20000064   Section        4  app_util_platform.o(.data)
    m_in_critical_region                     0x20000064   Data           4  app_util_platform.o(.data)
    .data                                    0x20000068   Section       24  nrf_log_backend_uart.o(.data)
    m_xfer_done                              0x20000068   Data           1  nrf_log_backend_uart.o(.data)
    m_async_mode                             0x20000069   Data           1  nrf_log_backend_uart.o(.data)
    .data                                    0x20000080   Section       12  nrf_log_default_backends.o(.data)
    uart_log_backend                         0x20000080   Data          12  nrf_log_default_backends.o(.data)
    .data                                    0x2000008c   Section        8  nrf_log_frontend.o(.data)
    log_mempool_nrf_balloc_pool_stack        0x2000008c   Data           8  nrf_log_frontend.o(.data)
    .data                                    0x20000094   Section        8  nrf_log_frontend.o(.data)
    log_mempool_nrf_balloc_cb                0x20000094   Data           8  nrf_log_frontend.o(.data)
    .data                                    0x2000009c   Section       64  nrf_log_str_formatter.o(.data)
    m_freq                                   0x2000009c   Data           4  nrf_log_str_formatter.o(.data)
    m_timestamp_div                          0x200000a0   Data           4  nrf_log_str_formatter.o(.data)
    severity_names                           0x200000a4   Data          20  nrf_log_str_formatter.o(.data)
    m_colors                                 0x200000b8   Data          36  nrf_log_str_formatter.o(.data)
    .data                                    0x200000dc   Section        4  system_nrf52.o(.data)
    __tagsym$$used                           0x200000dc   Number         0  system_nrf52.o(.data)
    log_dynamic_data                         0x200000e0   Section        4  nrf_drv_clock.o(log_dynamic_data)
    __tagsym$$used                           0x200000e0   Number         0  nrf_drv_clock.o(log_dynamic_data)
    log_dynamic_data                         0x200000e4   Section        4  nrfx_clock.o(log_dynamic_data)
    __tagsym$$used                           0x200000e4   Number         0  nrfx_clock.o(log_dynamic_data)
    log_dynamic_data                         0x200000e8   Section        4  nrfx_gpiote.o(log_dynamic_data)
    __tagsym$$used                           0x200000e8   Number         0  nrfx_gpiote.o(log_dynamic_data)
    log_dynamic_data                         0x200000ec   Section        4  nrfx_prs.o(log_dynamic_data)
    __tagsym$$used                           0x200000ec   Number         0  nrfx_prs.o(log_dynamic_data)
    log_dynamic_data                         0x200000f0   Section        4  nrfx_uart.o(log_dynamic_data)
    __tagsym$$used                           0x200000f0   Number         0  nrfx_uart.o(log_dynamic_data)
    log_dynamic_data                         0x200000f4   Section        4  nrfx_uarte.o(log_dynamic_data)
    __tagsym$$used                           0x200000f4   Number         0  nrfx_uarte.o(log_dynamic_data)
    log_dynamic_data                         0x200000f8   Section        8  nrf_log_frontend.o(log_dynamic_data)
    __tagsym$$used                           0x200000f8   Number         0  nrf_log_frontend.o(log_dynamic_data)
    __tagsym$$used                           0x200000fc   Number         0  nrf_log_frontend.o(log_dynamic_data)
    .bss                                     0x20000100   Section       32  main.o(.bss)
    m_tick_timer_data                        0x20000100   Data          32  main.o(.bss)
    .bss                                     0x20000120   Section       32  bsp.o(.bss)
    m_bsp_leds_tmr_data                      0x20000120   Data          32  bsp.o(.bss)
    .bss                                     0x20000140   Section       32  bsp.o(.bss)
    m_bsp_alert_tmr_data                     0x20000140   Data          32  bsp.o(.bss)
    .bss                                     0x20000160   Section       12  bsp.o(.bss)
    m_events_list                            0x20000160   Data          12  bsp.o(.bss)
    .bss                                     0x2000016c   Section       32  bsp.o(.bss)
    m_bsp_button_tmr_data                    0x2000016c   Data          32  bsp.o(.bss)
    .bss                                     0x2000018c   Section       20  nrf_drv_clock.o(.bss)
    m_clock_cb                               0x2000018c   Data          20  nrf_drv_clock.o(.bss)
    .bss                                     0x200001a0   Section       92  nrfx_gpiote.o(.bss)
    m_cb                                     0x200001a0   Data          92  nrfx_gpiote.o(.bss)
    .bss                                     0x200001fc   Section       44  nrfx_uart.o(.bss)
    m_cb                                     0x200001fc   Data          44  nrfx_uart.o(.bss)
    .bss                                     0x20000228   Section       36  nrfx_uarte.o(.bss)
    m_cb                                     0x20000228   Data          36  nrfx_uarte.o(.bss)
    .bss                                     0x2000024c   Section       32  app_button.o(.bss)
    m_detection_delay_timer_id_data          0x2000024c   Data          32  app_button.o(.bss)
    .bss                                     0x2000026c   Section      268  app_timer.o(.bss)
    m_op_queue                               0x2000026c   Data         268  app_timer.o(.bss)
    .bss                                     0x20000378   Section       64  nrf_log_backend_uart.o(.bss)
    m_string_buff                            0x20000378   Data          64  nrf_log_backend_uart.o(.bss)
    .bss                                     0x200003b8   Section      192  nrf_log_frontend.o(.bss)
    log_mempool_nrf_balloc_pool_mem          0x200003b8   Data         192  nrf_log_frontend.o(.bss)
    .bss                                     0x20000478   Section     1060  nrf_log_frontend.o(.bss)
    m_log_data                               0x20000478   Data        1060  nrf_log_frontend.o(.bss)
    STACK                                    0x200008a0   Section     8192  arm_startup_nrf52.o(STACK)

    Global Symbols

    Symbol Name                              Value     Ov Type        Size  Object(Section)

    BuildAttributes$$THM_ISAv4$E$P$D$K$B$S$7EM$VFPi3$EXTD16$VFPS$VFMA$PE$A:L22UL41UL21$X:L11$S22US41US21$IEEE1$IW$USESV6$~STKCKD$USESV7$~SHL$OSPACE$EBA8$MICROLIB$REQ8$EABIv2 0x00000000   Number         0  anon$$obj.o ABSOLUTE
    __ARM_use_no_argv                        0x00000000   Number         0  main.o ABSOLUTE
    __Vectors                                0x00000000   Data           4  arm_startup_nrf52.o(RESET)
    __use_no_errno                           0x00000000   Number         0  useno.o ABSOLUTE
    __use_no_exception_handling              0x00000000   Number         0  useno.o ABSOLUTE
    __use_no_fp                              0x00000000   Number         0  useno.o ABSOLUTE
    __use_no_heap                            0x00000000   Number         0  useno.o ABSOLUTE
    __use_no_heap_region                     0x00000000   Number         0  useno.o ABSOLUTE
    __use_no_semihosting                     0x00000000   Number         0  useno.o ABSOLUTE
    __use_no_semihosting_swi                 0x00000000   Number         0  useno.o ABSOLUTE
    __use_no_signal_handling                 0x00000000   Number         0  useno.o ABSOLUTE
    __cpp_initialize__aeabi_                  - Undefined Weak Reference
    __cxa_finalize                            - Undefined Weak Reference
    __decompress                              - Undefined Weak Reference
    _clock_init                               - Undefined Weak Reference
    _microlib_exit                            - Undefined Weak Reference
    __Vectors_End                            0x00000200   Data           0  arm_startup_nrf52.o(RESET)
    __Vectors_Size                           0x00000200   Number         0  arm_startup_nrf52.o ABSOLUTE
    __main                                   0x00000201   Thumb Code     0  entry.o(.ARM.Collect$$$$00000000)
    _main_stk                                0x00000201   Thumb Code     0  entry2.o(.ARM.Collect$$$$00000001)
    _main_scatterload                        0x00000205   Thumb Code     0  entry5.o(.ARM.Collect$$$$00000004)
    __main_after_scatterload                 0x00000209   Thumb Code     0  entry5.o(.ARM.Collect$$$$00000004)
    _main_clock                              0x00000209   Thumb Code     0  entry7b.o(.ARM.Collect$$$$00000008)
    _main_cpp_init                           0x00000209   Thumb Code     0  entry8b.o(.ARM.Collect$$$$0000000A)
    _main_init                               0x00000209   Thumb Code     0  entry9a.o(.ARM.Collect$$$$0000000B)
    __rt_final_cpp                           0x00000211   Thumb Code     0  entry10a.o(.ARM.Collect$$$$0000000D)
    __rt_final_exit                          0x00000211   Thumb Code     0  entry11a.o(.ARM.Collect$$$$0000000F)
    __asm___12_nrf_atomic_c_85ca2469__nrf_atomic_internal_mov 0x00000215   Thumb Code    24  nrf_atomic.o(.emb_text)
    __asm___12_nrf_atomic_c_85ca2469__nrf_atomic_internal_orr 0x0000022d   Thumb Code    26  nrf_atomic.o(.emb_text)
    __asm___12_nrf_atomic_c_85ca2469__nrf_atomic_internal_and 0x00000247   Thumb Code    26  nrf_atomic.o(.emb_text)
    __asm___12_nrf_atomic_c_85ca2469__nrf_atomic_internal_eor 0x00000261   Thumb Code    26  nrf_atomic.o(.emb_text)
    __asm___12_nrf_atomic_c_85ca2469__nrf_atomic_internal_add 0x0000027b   Thumb Code    26  nrf_atomic.o(.emb_text)
    __asm___12_nrf_atomic_c_85ca2469__nrf_atomic_internal_sub 0x00000295   Thumb Code    26  nrf_atomic.o(.emb_text)
    __asm___12_nrf_atomic_c_85ca2469__nrf_atomic_internal_cmp_exch 0x000002af   Thumb Code    42  nrf_atomic.o(.emb_text)
    __asm___12_nrf_atomic_c_85ca2469__nrf_atomic_internal_sub_hs 0x000002d9   Thumb Code    30  nrf_atomic.o(.emb_text)
    Reset_Handler                            0x000002f9   Thumb Code     8  arm_startup_nrf52.o(.text)
    NMI_Handler                              0x00000301   Thumb Code     2  arm_startup_nrf52.o(.text)
    HardFault_Handler                        0x00000303   Thumb Code     2  arm_startup_nrf52.o(.text)
    MemoryManagement_Handler                 0x00000305   Thumb Code     2  arm_startup_nrf52.o(.text)
    BusFault_Handler                         0x00000307   Thumb Code     2  arm_startup_nrf52.o(.text)
    UsageFault_Handler                       0x00000309   Thumb Code     2  arm_startup_nrf52.o(.text)
    SVC_Handler                              0x0000030b   Thumb Code     2  arm_startup_nrf52.o(.text)
    DebugMon_Handler                         0x0000030d   Thumb Code     2  arm_startup_nrf52.o(.text)
    PendSV_Handler                           0x0000030f   Thumb Code     2  arm_startup_nrf52.o(.text)
    SysTick_Handler                          0x00000311   Thumb Code     2  arm_startup_nrf52.o(.text)
    CCM_AAR_IRQHandler                       0x00000313   Thumb Code     0  arm_startup_nrf52.o(.text)
    COMP_LPCOMP_IRQHandler                   0x00000313   Thumb Code     0  arm_startup_nrf52.o(.text)
    ECB_IRQHandler                           0x00000313   Thumb Code     0  arm_startup_nrf52.o(.text)
    FPU_IRQHandler                           0x00000313   Thumb Code     0  arm_startup_nrf52.o(.text)
    I2S_IRQHandler                           0x00000313   Thumb Code     0  arm_startup_nrf52.o(.text)
    MWU_IRQHandler                           0x00000313   Thumb Code     0  arm_startup_nrf52.o(.text)
    NFCT_IRQHandler                          0x00000313   Thumb Code     0  arm_startup_nrf52.o(.text)
    PDM_IRQHandler                           0x00000313   Thumb Code     0  arm_startup_nrf52.o(.text)
    PWM0_IRQHandler                          0x00000313   Thumb Code     0  arm_startup_nrf52.o(.text)
    PWM1_IRQHandler                          0x00000313   Thumb Code     0  arm_startup_nrf52.o(.text)
    PWM2_IRQHandler                          0x00000313   Thumb Code     0  arm_startup_nrf52.o(.text)
    QDEC_IRQHandler                          0x00000313   Thumb Code     0  arm_startup_nrf52.o(.text)
    RADIO_IRQHandler                         0x00000313   Thumb Code     0  arm_startup_nrf52.o(.text)
    RNG_IRQHandler                           0x00000313   Thumb Code     0  arm_startup_nrf52.o(.text)
    RTC0_IRQHandler                          0x00000313   Thumb Code     0  arm_startup_nrf52.o(.text)
    RTC2_IRQHandler                          0x00000313   Thumb Code     0  arm_startup_nrf52.o(.text)
    SAADC_IRQHandler                         0x00000313   Thumb Code     0  arm_startup_nrf52.o(.text)
    SPIM0_SPIS0_TWIM0_TWIS0_SPI0_TWI0_IRQHandler 0x00000313   Thumb Code     0  arm_startup_nrf52.o(.text)
    SPIM1_SPIS1_TWIM1_TWIS1_SPI1_TWI1_IRQHandler 0x00000313   Thumb Code     0  arm_startup_nrf52.o(.text)
    SPIM2_SPIS2_SPI2_IRQHandler              0x00000313   Thumb Code     0  arm_startup_nrf52.o(.text)
    SWI1_EGU1_IRQHandler                     0x00000313   Thumb Code     0  arm_startup_nrf52.o(.text)
    SWI2_EGU2_IRQHandler                     0x00000313   Thumb Code     0  arm_startup_nrf52.o(.text)
    SWI3_EGU3_IRQHandler                     0x00000313   Thumb Code     0  arm_startup_nrf52.o(.text)
    SWI4_EGU4_IRQHandler                     0x00000313   Thumb Code     0  arm_startup_nrf52.o(.text)
    SWI5_EGU5_IRQHandler                     0x00000313   Thumb Code     0  arm_startup_nrf52.o(.text)
    TEMP_IRQHandler                          0x00000313   Thumb Code     0  arm_startup_nrf52.o(.text)
    TIMER0_IRQHandler                        0x00000313   Thumb Code     0  arm_startup_nrf52.o(.text)
    TIMER1_IRQHandler                        0x00000313   Thumb Code     0  arm_startup_nrf52.o(.text)
    TIMER2_IRQHandler                        0x00000313   Thumb Code     0  arm_startup_nrf52.o(.text)
    TIMER3_IRQHandler                        0x00000313   Thumb Code     0  arm_startup_nrf52.o(.text)
    TIMER4_IRQHandler                        0x00000313   Thumb Code     0  arm_startup_nrf52.o(.text)
    WDT_IRQHandler                           0x00000313   Thumb Code     0  arm_startup_nrf52.o(.text)
    __aeabi_uldivmod                         0x0000031d   Thumb Code    98  uldiv.o(.text)
    __aeabi_llsl                             0x0000037f   Thumb Code    30  llshl.o(.text)
    _ll_shift_l                              0x0000037f   Thumb Code     0  llshl.o(.text)
    __rt_ctype_table                         0x0000039d   Thumb Code     4  ctype_o.o(.text)
    __aeabi_memcpy                           0x000003a5   Thumb Code    36  memcpya.o(.text)
    __aeabi_memcpy4                          0x000003a5   Thumb Code     0  memcpya.o(.text)
    __aeabi_memcpy8                          0x000003a5   Thumb Code     0  memcpya.o(.text)
    __aeabi_memset                           0x000003c9   Thumb Code    14  memseta.o(.text)
    __aeabi_memset4                          0x000003c9   Thumb Code     0  memseta.o(.text)
    __aeabi_memset8                          0x000003c9   Thumb Code     0  memseta.o(.text)
    __aeabi_memclr                           0x000003d7   Thumb Code     4  memseta.o(.text)
    __aeabi_memclr4                          0x000003d7   Thumb Code     0  memseta.o(.text)
    __aeabi_memclr8                          0x000003d7   Thumb Code     0  memseta.o(.text)
    _memset$wrapper                          0x000003db   Thumb Code    18  memseta.o(.text)
    strlen                                   0x000003ed   Thumb Code    14  strlen.o(.text)
    __aeabi_llsr                             0x000003fb   Thumb Code    32  llushr.o(.text)
    _ll_ushift_r                             0x000003fb   Thumb Code     0  llushr.o(.text)
    __scatterload                            0x0000041d   Thumb Code    28  init.o(.text)
    __scatterload_rt2                        0x0000041d   Thumb Code     0  init.o(.text)
    GPIOTE_IRQHandler                        0x00000441   Thumb Code   346  nrfx_gpiote.o(i.GPIOTE_IRQHandler)
    POWER_CLOCK_IRQHandler                   0x00000609   Thumb Code    82  nrfx_clock.o(i.POWER_CLOCK_IRQHandler)
    RTC1_IRQHandler                          0x00000661   Thumb Code    32  app_timer.o(i.RTC1_IRQHandler)
    SWI0_EGU0_IRQHandler                     0x00000685   Thumb Code     4  app_timer.o(i.SWI0_EGU0_IRQHandler)
    SystemInit                               0x00000689   Thumb Code   726  system_nrf52.o(i.SystemInit)
    UARTE0_UART0_IRQHandler                  0x000009a5   Thumb Code     6  nrfx_prs.o(i.UARTE0_UART0_IRQHandler)
    __scatterload_copy                       0x000009b1   Thumb Code    14  handlers.o(i.__scatterload_copy)
    __scatterload_null                       0x000009bf   Thumb Code     2  handlers.o(i.__scatterload_null)
    __scatterload_zeroinit                   0x000009c1   Thumb Code    14  handlers.o(i.__scatterload_zeroinit)
    app_button_disable                       0x000009d5   Thumb Code    38  app_button.o(i.app_button_disable)
    app_button_enable                        0x00000a05   Thumb Code    32  app_button.o(i.app_button_enable)
    app_button_init                          0x00000a29   Thumb Code   102  app_button.o(i.app_button_init)
    app_error_fault_handler                  0x00000aa1   Thumb Code    84  app_error_weak.o(i.app_error_fault_handler)
    app_error_handler_bare                   0x00000b1d   Thumb Code    22  app_error.o(i.app_error_handler_bare)
    app_timer_create                         0x00000b39   Thumb Code    36  app_timer.o(i.app_timer_create)
    app_timer_init                           0x00000b61   Thumb Code    70  app_timer.o(i.app_timer_init)
    app_timer_start                          0x00000bb5   Thumb Code   120  app_timer.o(i.app_timer_start)
    app_timer_stop                           0x00000c35   Thumb Code    26  app_timer.o(i.app_timer_stop)
    app_util_critical_region_enter           0x00000c55   Thumb Code     4  app_util_platform.o(i.app_util_critical_region_enter)
    app_util_critical_region_exit            0x00000c59   Thumb Code     4  app_util_platform.o(i.app_util_critical_region_exit)
    app_util_disable_irq                     0x00000c5d   Thumb Code    12  app_util_platform.o(i.app_util_disable_irq)
    app_util_enable_irq                      0x00000c6d   Thumb Code    14  app_util_platform.o(i.app_util_enable_irq)
    bsp_board_init                           0x00000d91   Thumb Code    80  boards.o(i.bsp_board_init)
    bsp_board_led_invert                     0x00000de5   Thumb Code    32  boards.o(i.bsp_board_led_invert)
    bsp_board_led_off                        0x00000e09   Thumb Code    10  boards.o(i.bsp_board_led_off)
    bsp_board_led_on                         0x00000e19   Thumb Code    10  boards.o(i.bsp_board_led_on)
    bsp_board_led_state_get                  0x00000e29   Thumb Code    28  boards.o(i.bsp_board_led_state_get)
    bsp_board_leds_off                       0x00000e49   Thumb Code    18  boards.o(i.bsp_board_leds_off)
    bsp_board_leds_on                        0x00000e5b   Thumb Code    18  boards.o(i.bsp_board_leds_on)
    bsp_board_pin_to_button_idx              0x00000e6d   Thumb Code    30  boards.o(i.bsp_board_pin_to_button_idx)
    bsp_buttons_disable                      0x00000f21   Thumb Code     4  bsp.o(i.bsp_buttons_disable)
    bsp_event_to_button_action_assign        0x00000f65   Thumb Code    64  bsp.o(i.bsp_event_to_button_action_assign)
    bsp_init                                 0x00000fa9   Thumb Code   128  bsp.o(i.bsp_init)
    bsp_nfc_btn_init                         0x000011f5   Thumb Code     8  bsp_nfc.o(i.bsp_nfc_btn_init)
    bsp_nfc_sleep_mode_prepare               0x000011fd   Thumb Code    32  bsp_nfc.o(i.bsp_nfc_sleep_mode_prepare)
    buffer_is_empty                          0x000012cd   Thumb Code    16  nrf_log_frontend.o(i.buffer_is_empty)
    main                                     0x00001921   Thumb Code    60  main.o(i.main)
    nrf_atomic_flag_clear_fetch              0x00001a11   Thumb Code     6  nrf_atomic.o(i.nrf_atomic_flag_clear_fetch)
    nrf_atomic_flag_set                      0x00001a17   Thumb Code     6  nrf_atomic.o(i.nrf_atomic_flag_set)
    nrf_atomic_u32_add                       0x00001a1d   Thumb Code    12  nrf_atomic.o(i.nrf_atomic_u32_add)
    nrf_atomic_u32_fetch_and                 0x00001a29   Thumb Code    10  nrf_atomic.o(i.nrf_atomic_u32_fetch_and)
    nrf_atomic_u32_fetch_store               0x00001a33   Thumb Code    10  nrf_atomic.o(i.nrf_atomic_u32_fetch_store)
    nrf_atomic_u32_or                        0x00001a3d   Thumb Code    12  nrf_atomic.o(i.nrf_atomic_u32_or)
    nrf_atomic_u32_sub                       0x00001a49   Thumb Code    12  nrf_atomic.o(i.nrf_atomic_u32_sub)
    nrf_balloc_alloc                         0x00001a55   Thumb Code    62  nrf_balloc.o(i.nrf_balloc_alloc)
    nrf_balloc_free                          0x00001a93   Thumb Code    42  nrf_balloc.o(i.nrf_balloc_free)
    nrf_balloc_init                          0x00001abd   Thumb Code    48  nrf_balloc.o(i.nrf_balloc_init)
    nrf_drv_clock_init                       0x00001b31   Thumb Code    42  nrf_drv_clock.o(i.nrf_drv_clock_init)
    nrf_drv_clock_lfclk_request              0x00001b65   Thumb Code    68  nrf_drv_clock.o(i.nrf_drv_clock_lfclk_request)
    nrf_drv_uart_init                        0x00001bad   Thumb Code    90  nrf_drv_uart.o(i.nrf_drv_uart_init)
    nrf_fprintf                              0x00001c15   Thumb Code    26  nrf_fprintf.o(i.nrf_fprintf)
    nrf_fprintf_buffer_flush                 0x00001c2f   Thumb Code    24  nrf_fprintf.o(i.nrf_fprintf_buffer_flush)
    nrf_fprintf_fmt                          0x00001c47   Thumb Code   474  nrf_fprintf_format.o(i.nrf_fprintf_fmt)
    nrf_log_backend_add                      0x00001fa5   Thumb Code    74  nrf_log_frontend.o(i.nrf_log_backend_add)
    nrf_log_backend_serial_put               0x00001ff5   Thumb Code   200  nrf_log_backend_serial.o(i.nrf_log_backend_serial_put)
    nrf_log_backend_uart_init                0x000020bf   Thumb Code     6  nrf_log_backend_uart.o(i.nrf_log_backend_uart_init)
    nrf_log_color_id_get                     0x00002109   Thumb Code    42  nrf_log_frontend.o(i.nrf_log_color_id_get)
    nrf_log_default_backends_init            0x00002139   Thumb Code    22  nrf_log_default_backends.o(i.nrf_log_default_backends_init)
    nrf_log_frontend_dequeue                 0x00002155   Thumb Code   502  nrf_log_frontend.o(i.nrf_log_frontend_dequeue)
    nrf_log_frontend_std_0                   0x0000236d   Thumb Code     8  nrf_log_frontend.o(i.nrf_log_frontend_std_0)
    nrf_log_hexdump_entry_process            0x00002375   Thumb Code   146  nrf_log_str_formatter.o(i.nrf_log_hexdump_entry_process)
    nrf_log_init                             0x00002421   Thumb Code    66  nrf_log_frontend.o(i.nrf_log_init)
    nrf_log_module_cnt_get                   0x00002479   Thumb Code    10  nrf_log_frontend.o(i.nrf_log_module_cnt_get)
    nrf_log_module_name_get                  0x0000248d   Thumb Code    24  nrf_log_frontend.o(i.nrf_log_module_name_get)
    nrf_log_panic                            0x000024a9   Thumb Code    34  nrf_log_frontend.o(i.nrf_log_panic)
    nrf_log_std_entry_process                0x000024d1   Thumb Code   182  nrf_log_str_formatter.o(i.nrf_log_std_entry_process)
    nrf_memobj_alloc                         0x00002587   Thumb Code    96  nrf_memobj.o(i.nrf_memobj_alloc)
    nrf_memobj_free                          0x000025e7   Thumb Code    50  nrf_memobj.o(i.nrf_memobj_free)
    nrf_memobj_get                           0x00002619   Thumb Code     8  nrf_memobj.o(i.nrf_memobj_get)
    nrf_memobj_pool_init                     0x00002621   Thumb Code     4  nrf_memobj.o(i.nrf_memobj_pool_init)
    nrf_memobj_put                           0x00002625   Thumb Code    30  nrf_memobj.o(i.nrf_memobj_put)
    nrf_memobj_read                          0x00002643   Thumb Code    12  nrf_memobj.o(i.nrf_memobj_read)
    nrf_memobj_write                         0x0000264f   Thumb Code    12  nrf_memobj.o(i.nrf_memobj_write)
    nrfx_clock_enable                        0x00002695   Thumb Code    36  nrfx_clock.o(i.nrfx_clock_enable)
    nrfx_clock_init                          0x000026c1   Thumb Code    26  nrfx_clock.o(i.nrfx_clock_init)
    nrfx_clock_lfclk_start                   0x000026e1   Thumb Code    64  nrfx_clock.o(i.nrfx_clock_lfclk_start)
    nrfx_gpiote_in_event_disable             0x0000273d   Thumb Code    66  nrfx_gpiote.o(i.nrfx_gpiote_in_event_disable)
    nrfx_gpiote_in_event_enable              0x00002785   Thumb Code   156  nrfx_gpiote.o(i.nrfx_gpiote_in_event_enable)
    nrfx_gpiote_in_init                      0x00002829   Thumb Code   194  nrfx_gpiote.o(i.nrfx_gpiote_in_init)
    nrfx_gpiote_in_is_set                    0x000028f9   Thumb Code    20  nrfx_gpiote.o(i.nrfx_gpiote_in_is_set)
    nrfx_gpiote_init                         0x0000290d   Thumb Code    98  nrfx_gpiote.o(i.nrfx_gpiote_init)
    nrfx_gpiote_is_init                      0x0000297d   Thumb Code    14  nrfx_gpiote.o(i.nrfx_gpiote_is_init)
    nrfx_prs_acquire                         0x000029a1   Thumb Code    48  nrfx_prs.o(i.nrfx_prs_acquire)
    nrfx_prs_release                         0x000029d1   Thumb Code    18  nrfx_prs.o(i.nrfx_prs_release)
    nrfx_uart_0_irq_handler                  0x000029e5   Thumb Code     8  nrfx_uart.o(i.nrfx_uart_0_irq_handler)
    nrfx_uart_init                           0x000029f5   Thumb Code   200  nrfx_uart.o(i.nrfx_uart_init)
    nrfx_uart_tx                             0x00002ac9   Thumb Code   160  nrfx_uart.o(i.nrfx_uart_tx)
    nrfx_uart_tx_in_progress                 0x00002b6d   Thumb Code    26  nrfx_uart.o(i.nrfx_uart_tx_in_progress)
    nrfx_uart_uninit                         0x00002b8d   Thumb Code   170  nrfx_uart.o(i.nrfx_uart_uninit)
    nrfx_uarte_0_irq_handler                 0x00002c41   Thumb Code     8  nrfx_uarte.o(i.nrfx_uarte_0_irq_handler)
    nrfx_uarte_init                          0x00002c51   Thumb Code   100  nrfx_uarte.o(i.nrfx_uarte_init)
    nrfx_uarte_tx                            0x00002cbd   Thumb Code   138  nrfx_uarte.o(i.nrfx_uarte_tx)
    nrfx_uarte_tx_in_progress                0x00002d4d   Thumb Code    22  nrfx_uarte.o(i.nrfx_uarte_tx_in_progress)
    nrfx_uarte_uninit                        0x00002d69   Thumb Code   166  nrfx_uarte.o(i.nrfx_uarte_uninit)
    nrf_log_backend_uart_api                 0x00003768   Data          12  nrf_log_backend_uart.o(.constdata)
    __ctype_table                            0x00003794   Data         129  ctype_o.o(.constdata)
    Region$$Table$$Base                      0x000038c8   Number         0  anon$$obj.o(Region$$Table)
    Region$$Table$$Limit                     0x000038e8   Number         0  anon$$obj.o(Region$$Table)
    log_const_data$$Base                     0x000038e8   Number         0  nrf_drv_clock.o(log_const_data)
    m_nrf_log_clock_logs_data_const          0x000038e8   Data           8  nrf_drv_clock.o(log_const_data)
    m_nrf_log_CLOCK_logs_data_const          0x000038f0   Data           8  nrfx_clock.o(log_const_data)
    m_nrf_log_GPIOTE_logs_data_const         0x000038f8   Data           8  nrfx_gpiote.o(log_const_data)
    m_nrf_log_PRS_logs_data_const            0x00003900   Data           8  nrfx_prs.o(log_const_data)
    m_nrf_log_UART_logs_data_const           0x00003908   Data           8  nrfx_uart.o(log_const_data)
    m_nrf_log_UARTE_logs_data_const          0x00003910   Data           8  nrfx_uarte.o(log_const_data)
    m_nrf_log_balloc_log_mempool_logs_data_const 0x00003918   Data           8  nrf_log_frontend.o(log_const_data)
    m_nrf_log_app_logs_data_const            0x00003920   Data           8  nrf_log_frontend.o(log_const_data)
    log_const_data$$Limit                    0x00003928   Number         0  nrf_log_frontend.o(log_const_data)
    log_mempool                              0x00003928   Data          24  nrf_log_frontend.o(nrf_balloc)
    nrf_drv_uart_use_easy_dma                0x20000014   Data           1  nrf_drv_uart.o(.data)
    m_uart                                   0x2000006c   Data          20  nrf_log_backend_uart.o(.data)
    SystemCoreClock                          0x200000dc   Data           4  system_nrf52.o(.data)
    log_dynamic_data$$Base                   0x200000e0   Number         0  nrf_drv_clock.o(log_dynamic_data)
    m_nrf_log_clock_logs_data_dynamic        0x200000e0   Data           4  nrf_drv_clock.o(log_dynamic_data)
    m_nrf_log_CLOCK_logs_data_dynamic        0x200000e4   Data           4  nrfx_clock.o(log_dynamic_data)
    m_nrf_log_GPIOTE_logs_data_dynamic       0x200000e8   Data           4  nrfx_gpiote.o(log_dynamic_data)
    m_nrf_log_PRS_logs_data_dynamic          0x200000ec   Data           4  nrfx_prs.o(log_dynamic_data)
    m_nrf_log_UART_logs_data_dynamic         0x200000f0   Data           4  nrfx_uart.o(log_dynamic_data)
    m_nrf_log_UARTE_logs_data_dynamic        0x200000f4   Data           4  nrfx_uarte.o(log_dynamic_data)
    m_nrf_log_balloc_log_mempool_logs_data_dynamic 0x200000f8   Data           4  nrf_log_frontend.o(log_dynamic_data)
    m_nrf_log_app_logs_data_dynamic          0x200000fc   Data           4  nrf_log_frontend.o(log_dynamic_data)
    __initial_sp                             0x200028a0   Data           0  arm_startup_nrf52.o(STACK)



==============================================================================

Memory Map of the image

  Image Entry point : 0x00000201

  Load Region LR_IROM1 (Base: 0x00000000, Size: 0x00003a40, Max: 0x00080000, ABSOLUTE)

    Execution Region ER_IROM1 (Exec base: 0x00000000, Load base: 0x00000000, Size: 0x00003940, Max: 0x00080000, ABSOLUTE)

    Exec Addr    Load Addr    Size         Type   Attr      Idx    E Section Name        Object

    0x00000000   0x00000000   0x00000200   Data   RO         3275    RESET               arm_startup_nrf52.o
    0x00000200   0x00000200   0x00000000   Code   RO         3316  * .ARM.Collect$$$$00000000  mc_w.l(entry.o)
    0x00000200   0x00000200   0x00000004   Code   RO         3368    .ARM.Collect$$$$00000001  mc_w.l(entry2.o)
    0x00000204   0x00000204   0x00000004   Code   RO         3371    .ARM.Collect$$$$00000004  mc_w.l(entry5.o)
    0x00000208   0x00000208   0x00000000   Code   RO         3373    .ARM.Collect$$$$00000008  mc_w.l(entry7b.o)
    0x00000208   0x00000208   0x00000000   Code   RO         3375    .ARM.Collect$$$$0000000A  mc_w.l(entry8b.o)
    0x00000208   0x00000208   0x00000008   Code   RO         3376    .ARM.Collect$$$$0000000B  mc_w.l(entry9a.o)
    0x00000210   0x00000210   0x00000000   Code   RO         3378    .ARM.Collect$$$$0000000D  mc_w.l(entry10a.o)
    0x00000210   0x00000210   0x00000000   Code   RO         3380    .ARM.Collect$$$$0000000F  mc_w.l(entry11a.o)
    0x00000210   0x00000210   0x00000004   Code   RO         3369    .ARM.Collect$$$$00002712  mc_w.l(entry2.o)
    0x00000214   0x00000214   0x000000e2   Code   RO         2143    .emb_text           nrf_atomic.o
    0x000002f6   0x000002f6   0x00000002   PAD
    0x000002f8   0x000002f8   0x00000024   Code   RO         3276    .text               arm_startup_nrf52.o
    0x0000031c   0x0000031c   0x00000062   Code   RO         3324    .text               mc_w.l(uldiv.o)
    0x0000037e   0x0000037e   0x0000001e   Code   RO         3326    .text               mc_w.l(llshl.o)
    0x0000039c   0x0000039c   0x00000008   Code   RO         3328    .text               mc_w.l(ctype_o.o)
    0x000003a4   0x000003a4   0x00000024   Code   RO         3356    .text               mc_w.l(memcpya.o)
    0x000003c8   0x000003c8   0x00000024   Code   RO         3358    .text               mc_w.l(memseta.o)
    0x000003ec   0x000003ec   0x0000000e   Code   RO         3360    .text               mc_w.l(strlen.o)
    0x000003fa   0x000003fa   0x00000020   Code   RO         3383    .text               mc_w.l(llushr.o)
    0x0000041a   0x0000041a   0x00000002   PAD
    0x0000041c   0x0000041c   0x00000024   Code   RO         3386    .text               mc_w.l(init.o)
    0x00000440   0x00000440   0x00000164   Code   RO          978    i.GPIOTE_IRQHandler  nrfx_gpiote.o
    0x000005a4   0x000005a4   0x00000016   Code   RO         1881    i.NVIC_ClearPendingIRQ  app_timer.o
    0x000005ba   0x000005ba   0x00000016   Code   RO         1882    i.NVIC_EnableIRQ    app_timer.o
    0x000005d0   0x000005d0   0x00000016   Code   RO         1883    i.NVIC_SetPendingIRQ  app_timer.o
    0x000005e6   0x000005e6   0x00000020   Code   RO         1884    i.NVIC_SetPriority  app_timer.o
    0x00000606   0x00000606   0x00000002   PAD
    0x00000608   0x00000608   0x00000058   Code   RO          846    i.POWER_CLOCK_IRQHandler  nrfx_clock.o
    0x00000660   0x00000660   0x00000024   Code   RO         1885    i.RTC1_IRQHandler   app_timer.o
    0x00000684   0x00000684   0x00000004   Code   RO         1886    i.SWI0_EGU0_IRQHandler  app_timer.o
    0x00000688   0x00000688   0x0000031c   Code   RO         3284    i.SystemInit        system_nrf52.o
    0x000009a4   0x000009a4   0x0000000c   Code   RO         1268    i.UARTE0_UART0_IRQHandler  nrfx_prs.o
    0x000009b0   0x000009b0   0x0000000e   Code   RO         3390    i.__scatterload_copy  mc_w.l(handlers.o)
    0x000009be   0x000009be   0x00000002   Code   RO         3391    i.__scatterload_null  mc_w.l(handlers.o)
    0x000009c0   0x000009c0   0x0000000e   Code   RO         3392    i.__scatterload_zeroinit  mc_w.l(handlers.o)
    0x000009ce   0x000009ce   0x00000006   Code   RO          385    i.alert_timer_handler  bsp.o
    0x000009d4   0x000009d4   0x00000030   Code   RO         1659    i.app_button_disable  app_button.o
    0x00000a04   0x00000a04   0x00000024   Code   RO         1660    i.app_button_enable  app_button.o
    0x00000a28   0x00000a28   0x00000078   Code   RO         1661    i.app_button_init   app_button.o
    0x00000aa0   0x00000aa0   0x0000007c   Code   RO         1799    i.app_error_fault_handler  app_error_weak.o
    0x00000b1c   0x00000b1c   0x00000016   Code   RO         1743    i.app_error_handler_bare  app_error.o
    0x00000b32   0x00000b32   0x00000006   Code   RO            4    i.app_tick_handler  main.o
    0x00000b38   0x00000b38   0x00000028   Code   RO         1889    i.app_timer_create  app_timer.o
    0x00000b60   0x00000b60   0x00000054   Code   RO         1890    i.app_timer_init    app_timer.o
    0x00000bb4   0x00000bb4   0x00000080   Code   RO         1893    i.app_timer_start   app_timer.o
    0x00000c34   0x00000c34   0x00000020   Code   RO         1894    i.app_timer_stop    app_timer.o
    0x00000c54   0x00000c54   0x00000004   Code   RO         2054    i.app_util_critical_region_enter  app_util_platform.o
    0x00000c58   0x00000c58   0x00000004   Code   RO         2055    i.app_util_critical_region_exit  app_util_platform.o
    0x00000c5c   0x00000c5c   0x00000010   Code   RO         2056    i.app_util_disable_irq  app_util_platform.o
    0x00000c6c   0x00000c6c   0x00000014   Code   RO         2057    i.app_util_enable_irq  app_util_platform.o
    0x00000c80   0x00000c80   0x00000088   Code   RO         1319    i.apply_config      nrfx_uart.o
    0x00000d08   0x00000d08   0x00000088   Code   RO         1507    i.apply_config      nrfx_uarte.o
    0x00000d90   0x00000d90   0x00000054   Code   RO          255    i.bsp_board_init    boards.o
    0x00000de4   0x00000de4   0x00000024   Code   RO          257    i.bsp_board_led_invert  boards.o
    0x00000e08   0x00000e08   0x00000010   Code   RO          258    i.bsp_board_led_off  boards.o
    0x00000e18   0x00000e18   0x00000010   Code   RO          259    i.bsp_board_led_on  boards.o
    0x00000e28   0x00000e28   0x00000020   Code   RO          260    i.bsp_board_led_state_get  boards.o
    0x00000e48   0x00000e48   0x00000012   Code   RO          261    i.bsp_board_leds_off  boards.o
    0x00000e5a   0x00000e5a   0x00000012   Code   RO          262    i.bsp_board_leds_on  boards.o
    0x00000e6c   0x00000e6c   0x00000024   Code   RO          263    i.bsp_board_pin_to_button_idx  boards.o
    0x00000e90   0x00000e90   0x00000090   Code   RO          386    i.bsp_button_event_handler  bsp.o
    0x00000f20   0x00000f20   0x00000004   Code   RO          388    i.bsp_buttons_disable  bsp.o
    0x00000f24   0x00000f24   0x00000040   Code   RO            5    i.bsp_event_handler  main.o
    0x00000f64   0x00000f64   0x00000044   Code   RO          390    i.bsp_event_to_button_action_assign  bsp.o
    0x00000fa8   0x00000fa8   0x00000094   Code   RO          392    i.bsp_init          bsp.o
    0x0000103c   0x0000103c   0x000001b8   Code   RO          393    i.bsp_led_indication  bsp.o
    0x000011f4   0x000011f4   0x00000008   Code   RO          503    i.bsp_nfc_btn_init  bsp_nfc.o
    0x000011fc   0x000011fc   0x00000028   Code   RO          504    i.bsp_nfc_sleep_mode_prepare  bsp_nfc.o
    0x00001224   0x00001224   0x00000088   Code   RO         2676    i.buf_prealloc      nrf_log_frontend.o
    0x000012ac   0x000012ac   0x0000001e   Code   RO         2358    i.buffer_add        nrf_fprintf_format.o
    0x000012ca   0x000012ca   0x00000002   PAD
    0x000012cc   0x000012cc   0x00000014   Code   RO         2677    i.buffer_is_empty   nrf_log_frontend.o
    0x000012e0   0x000012e0   0x00000008   Code   RO          396    i.button_timer_handler  bsp.o
    0x000012e8   0x000012e8   0x0000001c   Code   RO          979    i.channel_free      nrfx_gpiote.o
    0x00001304   0x00001304   0x00000048   Code   RO          980    i.channel_port_alloc  nrfx_gpiote.o
    0x0000134c   0x0000134c   0x00000010   Code   RO          981    i.channel_port_get  nrfx_gpiote.o
    0x0000135c   0x0000135c   0x00000028   Code   RO          544    i.clock_clk_started_notify  nrf_drv_clock.o
    0x00001384   0x00001384   0x0000001c   Code   RO          545    i.clock_irq_handler  nrf_drv_clock.o
    0x000013a0   0x000013a0   0x000000ac   Code   RO         1896    i.compare_reg_update  app_timer.o
    0x0000144c   0x0000144c   0x00000098   Code   RO         1663    i.detection_delay_timeout_handler  app_button.o
    0x000014e4   0x000014e4   0x00000014   Code   RO         2679    i.dropped_sat16_get  nrf_log_frontend.o
    0x000014f8   0x000014f8   0x00000040   Code   RO         1897    i.elapsed_ticks_acquire  app_timer.o
    0x00001538   0x00001538   0x00000084   Code   RO         1664    i.gpiote_event_handler  app_button.o
    0x000015bc   0x000015bc   0x000000a6   Code   RO         2359    i.int_print         nrf_fprintf_format.o
    0x00001662   0x00001662   0x00000002   PAD
    0x00001664   0x00001664   0x00000080   Code   RO         1508    i.interrupts_enable  nrfx_uarte.o
    0x000016e4   0x000016e4   0x0000004c   Code   RO         2680    i.invalid_packets_pushed_str_omit  nrf_log_frontend.o
    0x00001730   0x00001730   0x00000016   Code   RO          546    i.item_enqueue      nrf_drv_clock.o
    0x00001746   0x00001746   0x00000002   PAD
    0x00001748   0x00001748   0x00000030   Code   RO          397    i.leds_off          bsp.o
    0x00001778   0x00001778   0x00000014   Code   RO          398    i.leds_timer_handler  bsp.o
    0x0000178c   0x0000178c   0x000000f8   Code   RO         1898    i.list_insertions_handler  app_timer.o
    0x00001884   0x00001884   0x0000009c   Code   RO         2681    i.log_skip          nrf_log_frontend.o
    0x00001920   0x00001920   0x00000048   Code   RO            6    i.main              main.o
    0x00001968   0x00001968   0x00000076   Code   RO         2398    i.memobj_op         nrf_memobj.o
    0x000019de   0x000019de   0x00000002   PAD
    0x000019e0   0x000019e0   0x00000030   Code   RO         2682    i.module_idx_get    nrf_log_frontend.o
    0x00001a10   0x00001a10   0x00000006   Code   RO         2145    i.nrf_atomic_flag_clear_fetch  nrf_atomic.o
    0x00001a16   0x00001a16   0x00000006   Code   RO         2146    i.nrf_atomic_flag_set  nrf_atomic.o
    0x00001a1c   0x00001a1c   0x0000000c   Code   RO         2148    i.nrf_atomic_u32_add  nrf_atomic.o
    0x00001a28   0x00001a28   0x0000000a   Code   RO         2152    i.nrf_atomic_u32_fetch_and  nrf_atomic.o
    0x00001a32   0x00001a32   0x0000000a   Code   RO         2154    i.nrf_atomic_u32_fetch_store  nrf_atomic.o
    0x00001a3c   0x00001a3c   0x0000000c   Code   RO         2158    i.nrf_atomic_u32_or  nrf_atomic.o
    0x00001a48   0x00001a48   0x0000000c   Code   RO         2160    i.nrf_atomic_u32_sub  nrf_atomic.o
    0x00001a54   0x00001a54   0x0000003e   Code   RO         2282    i.nrf_balloc_alloc  nrf_balloc.o
    0x00001a92   0x00001a92   0x0000002a   Code   RO         2283    i.nrf_balloc_free   nrf_balloc.o
    0x00001abc   0x00001abc   0x00000030   Code   RO         2284    i.nrf_balloc_init   nrf_balloc.o
    0x00001aec   0x00001aec   0x00000010   Code   RO          982    i.nrf_bitmask_bit_is_set  nrfx_gpiote.o
    0x00001afc   0x00001afc   0x00000014   Code   RO          983    i.nrf_bitmask_bit_set  nrfx_gpiote.o
    0x00001b10   0x00001b10   0x0000000e   Code   RO          847    i.nrf_clock_event_check  nrfx_clock.o
    0x00001b1e   0x00001b1e   0x00000010   Code   RO          848    i.nrf_clock_event_clear  nrfx_clock.o
    0x00001b2e   0x00001b2e   0x00000002   PAD
    0x00001b30   0x00001b30   0x00000034   Code   RO          552    i.nrf_drv_clock_init  nrf_drv_clock.o
    0x00001b64   0x00001b64   0x00000048   Code   RO          557    i.nrf_drv_clock_lfclk_request  nrf_drv_clock.o
    0x00001bac   0x00001bac   0x00000068   Code   RO          680    i.nrf_drv_uart_init  nrf_drv_uart.o
    0x00001c14   0x00001c14   0x0000001a   Code   RO         2319    i.nrf_fprintf       nrf_fprintf.o
    0x00001c2e   0x00001c2e   0x00000018   Code   RO         2320    i.nrf_fprintf_buffer_flush  nrf_fprintf.o
    0x00001c46   0x00001c46   0x000001da   Code   RO         2360    i.nrf_fprintf_fmt   nrf_fprintf_format.o
    0x00001e20   0x00001e20   0x00000024   Code   RO          265    i.nrf_gpio_cfg      boards.o
    0x00001e44   0x00001e44   0x00000024   Code   RO          984    i.nrf_gpio_cfg      nrfx_gpiote.o
    0x00001e68   0x00001e68   0x00000024   Code   RO         1320    i.nrf_gpio_cfg      nrfx_uart.o
    0x00001e8c   0x00001e8c   0x00000024   Code   RO         1509    i.nrf_gpio_cfg      nrfx_uarte.o
    0x00001eb0   0x00001eb0   0x00000012   Code   RO         1321    i.nrf_gpio_cfg_default  nrfx_uart.o
    0x00001ec2   0x00001ec2   0x00000012   Code   RO         1510    i.nrf_gpio_cfg_default  nrfx_uarte.o
    0x00001ed4   0x00001ed4   0x00000012   Code   RO         1322    i.nrf_gpio_cfg_input  nrfx_uart.o
    0x00001ee6   0x00001ee6   0x00000012   Code   RO         1511    i.nrf_gpio_cfg_input  nrfx_uarte.o
    0x00001ef8   0x00001ef8   0x00000014   Code   RO         1323    i.nrf_gpio_cfg_output  nrfx_uart.o
    0x00001f0c   0x00001f0c   0x00000014   Code   RO         1512    i.nrf_gpio_cfg_output  nrfx_uarte.o
    0x00001f20   0x00001f20   0x00000022   Code   RO          986    i.nrf_gpio_cfg_sense_set  nrfx_gpiote.o
    0x00001f42   0x00001f42   0x00000016   Code   RO          266    i.nrf_gpio_pin_write  boards.o
    0x00001f58   0x00001f58   0x00000028   Code   RO          987    i.nrf_gpio_ports_read  nrfx_gpiote.o
    0x00001f80   0x00001f80   0x00000014   Code   RO          988    i.nrf_gpiote_event_clear  nrfx_gpiote.o
    0x00001f94   0x00001f94   0x00000010   Code   RO          989    i.nrf_gpiote_event_is_set  nrfx_gpiote.o
    0x00001fa4   0x00001fa4   0x00000050   Code   RO         2683    i.nrf_log_backend_add  nrf_log_frontend.o
    0x00001ff4   0x00001ff4   0x000000c8   Code   RO         2524    i.nrf_log_backend_serial_put  nrf_log_backend_serial.o
    0x000020bc   0x000020bc   0x00000002   Code   RO         2564    i.nrf_log_backend_uart_flush  nrf_log_backend_uart.o
    0x000020be   0x000020be   0x00000006   Code   RO         2565    i.nrf_log_backend_uart_init  nrf_log_backend_uart.o
    0x000020c4   0x000020c4   0x0000002c   Code   RO         2566    i.nrf_log_backend_uart_panic_set  nrf_log_backend_uart.o
    0x000020f0   0x000020f0   0x00000018   Code   RO         2567    i.nrf_log_backend_uart_put  nrf_log_backend_uart.o
    0x00002108   0x00002108   0x00000030   Code   RO         2685    i.nrf_log_color_id_get  nrf_log_frontend.o
    0x00002138   0x00002138   0x0000001c   Code   RO         2643    i.nrf_log_default_backends_init  nrf_log_default_backends.o
    0x00002154   0x00002154   0x00000218   Code   RO         2686    i.nrf_log_frontend_dequeue  nrf_log_frontend.o
    0x0000236c   0x0000236c   0x00000008   Code   RO         2688    i.nrf_log_frontend_std_0  nrf_log_frontend.o
    0x00002374   0x00002374   0x000000ac   Code   RO         2863    i.nrf_log_hexdump_entry_process  nrf_log_str_formatter.o
    0x00002420   0x00002420   0x00000058   Code   RO         2695    i.nrf_log_init      nrf_log_frontend.o
    0x00002478   0x00002478   0x00000014   Code   RO         2696    i.nrf_log_module_cnt_get  nrf_log_frontend.o
    0x0000248c   0x0000248c   0x0000001c   Code   RO         2699    i.nrf_log_module_name_get  nrf_log_frontend.o
    0x000024a8   0x000024a8   0x00000028   Code   RO         2700    i.nrf_log_panic     nrf_log_frontend.o
    0x000024d0   0x000024d0   0x000000b6   Code   RO         2864    i.nrf_log_std_entry_process  nrf_log_str_formatter.o
    0x00002586   0x00002586   0x00000060   Code   RO         2399    i.nrf_memobj_alloc  nrf_memobj.o
    0x000025e6   0x000025e6   0x00000032   Code   RO         2400    i.nrf_memobj_free   nrf_memobj.o
    0x00002618   0x00002618   0x00000008   Code   RO         2401    i.nrf_memobj_get    nrf_memobj.o
    0x00002620   0x00002620   0x00000004   Code   RO         2402    i.nrf_memobj_pool_init  nrf_memobj.o
    0x00002624   0x00002624   0x0000001e   Code   RO         2403    i.nrf_memobj_put    nrf_memobj.o
    0x00002642   0x00002642   0x0000000c   Code   RO         2404    i.nrf_memobj_read   nrf_memobj.o
    0x0000264e   0x0000264e   0x0000000c   Code   RO         2405    i.nrf_memobj_write  nrf_memobj.o
    0x0000265a   0x0000265a   0x0000000a   Code   RO         1324    i.nrf_uart_event_check  nrfx_uart.o
    0x00002664   0x00002664   0x0000000c   Code   RO         1325    i.nrf_uart_event_clear  nrfx_uart.o
    0x00002670   0x00002670   0x0000000c   Code   RO         1326    i.nrf_uart_int_enable_check  nrfx_uart.o
    0x0000267c   0x0000267c   0x0000000a   Code   RO         1513    i.nrf_uarte_event_check  nrfx_uarte.o
    0x00002686   0x00002686   0x0000000c   Code   RO         1514    i.nrf_uarte_event_clear  nrfx_uarte.o
    0x00002692   0x00002692   0x00000002   PAD
    0x00002694   0x00002694   0x0000002c   Code   RO          853    i.nrfx_clock_enable  nrfx_clock.o
    0x000026c0   0x000026c0   0x00000020   Code   RO          856    i.nrfx_clock_init   nrfx_clock.o
    0x000026e0   0x000026e0   0x0000004c   Code   RO          858    i.nrfx_clock_lfclk_start  nrfx_clock.o
    0x0000272c   0x0000272c   0x00000010   Code   RO         1899    i.nrfx_coredep_delay_us  app_timer.o
    0x0000273c   0x0000273c   0x00000048   Code   RO          993    i.nrfx_gpiote_in_event_disable  nrfx_gpiote.o
    0x00002784   0x00002784   0x000000a4   Code   RO          994    i.nrfx_gpiote_in_event_enable  nrfx_gpiote.o
    0x00002828   0x00002828   0x000000d0   Code   RO          995    i.nrfx_gpiote_in_init  nrfx_gpiote.o
    0x000028f8   0x000028f8   0x00000014   Code   RO          996    i.nrfx_gpiote_in_is_set  nrfx_gpiote.o
    0x0000290c   0x0000290c   0x00000070   Code   RO          998    i.nrfx_gpiote_init  nrfx_gpiote.o
    0x0000297c   0x0000297c   0x00000014   Code   RO          999    i.nrfx_gpiote_is_init  nrfx_gpiote.o
    0x00002990   0x00002990   0x00000010   Code   RO         1515    i.nrfx_is_in_ram    nrfx_uarte.o
    0x000029a0   0x000029a0   0x00000030   Code   RO         1269    i.nrfx_prs_acquire  nrfx_prs.o
    0x000029d0   0x000029d0   0x00000012   Code   RO         1270    i.nrfx_prs_release  nrfx_prs.o
    0x000029e2   0x000029e2   0x00000002   PAD
    0x000029e4   0x000029e4   0x00000010   Code   RO         1327    i.nrfx_uart_0_irq_handler  nrfx_uart.o
    0x000029f4   0x000029f4   0x000000d4   Code   RO         1329    i.nrfx_uart_init    nrfx_uart.o
    0x00002ac8   0x00002ac8   0x000000a4   Code   RO         1335    i.nrfx_uart_tx      nrfx_uart.o
    0x00002b6c   0x00002b6c   0x00000020   Code   RO         1337    i.nrfx_uart_tx_in_progress  nrfx_uart.o
    0x00002b8c   0x00002b8c   0x000000b4   Code   RO         1338    i.nrfx_uart_uninit  nrfx_uart.o
    0x00002c40   0x00002c40   0x00000010   Code   RO         1516    i.nrfx_uarte_0_irq_handler  nrfx_uarte.o
    0x00002c50   0x00002c50   0x0000006c   Code   RO         1518    i.nrfx_uarte_init   nrfx_uarte.o
    0x00002cbc   0x00002cbc   0x00000090   Code   RO         1522    i.nrfx_uarte_tx     nrfx_uarte.o
    0x00002d4c   0x00002d4c   0x0000001c   Code   RO         1524    i.nrfx_uarte_tx_in_progress  nrfx_uarte.o
    0x00002d68   0x00002d68   0x000000b0   Code   RO         1525    i.nrfx_uarte_uninit  nrfx_uarte.o
    0x00002e18   0x00002e18   0x00000018   Code   RO         1015    i.pin_in_use_by_port  nrfx_gpiote.o
    0x00002e30   0x00002e30   0x00000018   Code   RO         1016    i.pin_in_use_by_te  nrfx_gpiote.o
    0x00002e48   0x00002e48   0x0000003c   Code   RO         2866    i.postfix_process   nrf_log_str_formatter.o
    0x00002e84   0x00002e84   0x00000098   Code   RO         2867    i.prefix_process    nrf_log_str_formatter.o
    0x00002f1c   0x00002f1c   0x00000018   Code   RO         1271    i.prs_box_get       nrfx_prs.o
    0x00002f34   0x00002f34   0x0000003c   Code   RO         1900    i.rtc1_stop         app_timer.o
    0x00002f70   0x00002f70   0x00000032   Code   RO         1339    i.rx_byte           nrfx_uart.o
    0x00002fa2   0x00002fa2   0x00000016   Code   RO         1340    i.rx_done_event     nrfx_uart.o
    0x00002fb8   0x00002fb8   0x00000018   Code   RO         1526    i.rx_done_event     nrfx_uarte.o
    0x00002fd0   0x00002fd0   0x00000040   Code   RO         2568    i.serial_tx         nrf_log_backend_uart.o
    0x00003010   0x00003010   0x0000008c   Code   RO         2702    i.std_n             nrf_log_frontend.o
    0x0000309c   0x0000309c   0x00000080   Code   RO         1901    i.timer_list_handler  app_timer.o
    0x0000311c   0x0000311c   0x0000003c   Code   RO         1902    i.timer_list_insert  app_timer.o
    0x00003158   0x00003158   0x00000060   Code   RO         1903    i.timer_list_remove  app_timer.o
    0x000031b8   0x000031b8   0x00000040   Code   RO         1904    i.timer_stop_op_schedule  app_timer.o
    0x000031f8   0x000031f8   0x00000074   Code   RO         1905    i.timer_timeouts_check  app_timer.o
    0x0000326c   0x0000326c   0x00000020   Code   RO         1342    i.tx_byte           nrfx_uart.o
    0x0000328c   0x0000328c   0x0000001a   Code   RO         1343    i.tx_done_event     nrfx_uart.o
    0x000032a6   0x000032a6   0x00000002   PAD
    0x000032a8   0x000032a8   0x00000030   Code   RO          681    i.uart_evt_handler  nrf_drv_uart.o
    0x000032d8   0x000032d8   0x0000000c   Code   RO         2569    i.uart_evt_handler  nrf_log_backend_uart.o
    0x000032e4   0x000032e4   0x00000050   Code   RO         2570    i.uart_init         nrf_log_backend_uart.o
    0x00003334   0x00003334   0x00000128   Code   RO         1344    i.uart_irq_handler  nrfx_uart.o
    0x0000345c   0x0000345c   0x00000030   Code   RO          682    i.uarte_evt_handler  nrf_drv_uart.o
    0x0000348c   0x0000348c   0x000000f4   Code   RO         1527    i.uarte_irq_handler  nrfx_uarte.o
    0x00003580   0x00003580   0x000000b4   Code   RO         2361    i.unsigned_print    nrf_fprintf_format.o
    0x00003634   0x00003634   0x00000030   Code   RO         1906    i.user_op_alloc     app_timer.o
    0x00003664   0x00003664   0x00000084   Code   RO            7    i.utils_setup       main.o
    0x000036e8   0x000036e8   0x00000008   PAD
    0x000036f0   0x000036f0   0x00000016   Data   RO            9    .constdata          main.o
    0x00003706   0x00003706   0x00000008   Data   RO          267    .constdata          boards.o
    0x0000370e   0x0000370e   0x00000002   PAD
    0x00003710   0x00003710   0x0000002c   Data   RO          404    .constdata          bsp.o
    0x0000373c   0x0000373c   0x00000004   Data   RO         1018    .constdata          nrfx_gpiote.o
    0x00003740   0x00003740   0x00000004   Data   RO         1347    .constdata          nrfx_uart.o
    0x00003744   0x00003744   0x00000004   Data   RO         1530    .constdata          nrfx_uarte.o
    0x00003748   0x00003748   0x00000008   Data   RO         1666    .constdata          app_button.o
    0x00003750   0x00003750   0x00000006   Data   RO         1908    .constdata          app_timer.o
    0x00003756   0x00003756   0x00000010   Data   RO         2362    .constdata          nrf_fprintf_format.o
    0x00003766   0x00003766   0x00000002   PAD
    0x00003768   0x00003768   0x0000000c   Data   RO         2572    .constdata          nrf_log_backend_uart.o
    0x00003774   0x00003774   0x00000020   Data   RO         2573    .constdata          nrf_log_backend_uart.o
    0x00003794   0x00003794   0x00000081   Data   RO         3329    .constdata          mc_w.l(ctype_o.o)
    0x00003815   0x00003815   0x00000003   PAD
    0x00003818   0x00003818   0x00000004   Data   RO         3330    .constdata          mc_w.l(ctype_o.o)
    0x0000381c   0x0000381c   0x00000066   Data   RO         2868    .conststring        nrf_log_str_formatter.o
    0x00003882   0x00003882   0x00000002   PAD
    0x00003884   0x00003884   0x00000006   Data   RO          564    .conststrlit        nrf_drv_clock.o
    0x0000388a   0x0000388a   0x00000002   PAD
    0x0000388c   0x0000388c   0x00000006   Data   RO          863    .conststrlit        nrfx_clock.o
    0x00003892   0x00003892   0x00000002   PAD
    0x00003894   0x00003894   0x00000007   Data   RO         1022    .conststrlit        nrfx_gpiote.o
    0x0000389b   0x0000389b   0x00000001   PAD
    0x0000389c   0x0000389c   0x00000004   Data   RO         1273    .conststrlit        nrfx_prs.o
    0x000038a0   0x000038a0   0x00000005   Data   RO         1350    .conststrlit        nrfx_uart.o
    0x000038a5   0x000038a5   0x00000003   PAD
    0x000038a8   0x000038a8   0x00000006   Data   RO         1533    .conststrlit        nrfx_uarte.o
    0x000038ae   0x000038ae   0x00000002   PAD
    0x000038b0   0x000038b0   0x00000018   Data   RO         2705    .conststrlit        nrf_log_frontend.o
    0x000038c8   0x000038c8   0x00000020   Data   RO         3388    Region$$Table       anon$$obj.o
    0x000038e8   0x000038e8   0x00000008   Data   RO          565    log_const_data      nrf_drv_clock.o
    0x000038f0   0x000038f0   0x00000008   Data   RO          865    log_const_data      nrfx_clock.o
    0x000038f8   0x000038f8   0x00000008   Data   RO         1023    log_const_data      nrfx_gpiote.o
    0x00003900   0x00003900   0x00000008   Data   RO         1275    log_const_data      nrfx_prs.o
    0x00003908   0x00003908   0x00000008   Data   RO         1351    log_const_data      nrfx_uart.o
    0x00003910   0x00003910   0x00000008   Data   RO         1534    log_const_data      nrfx_uarte.o
    0x00003918   0x00003918   0x00000010   Data   RO         2708    log_const_data      nrf_log_frontend.o
    0x00003928   0x00003928   0x00000018   Data   RO         2710    nrf_balloc          nrf_log_frontend.o


    Execution Region RW_IRAM1 (Exec base: 0x20000000, Load base: 0x00003940, Size: 0x000028a0, Max: 0x00010000, ABSOLUTE)

    Exec Addr    Load Addr    Size         Type   Attr      Idx    E Section Name        Object

    0x20000000   0x00003940   0x00000001   Data   RW           10    .data               main.o
    0x20000001   0x00003941   0x00000003   PAD
    0x20000004   0x00003944   0x00000010   Data   RW          405    .data               bsp.o
    0x20000014   0x00003954   0x0000000c   Data   RW          683    .data               nrf_drv_uart.o
    0x20000020   0x00003960   0x00000008   Data   RW          864    .data               nrfx_clock.o
    0x20000028   0x00003968   0x00000008   Data   RW         1274    .data               nrfx_prs.o
    0x20000030   0x00003970   0x00000020   Data   RW         1667    .data               app_button.o
    0x20000050   0x00003990   0x00000014   Data   RW         1909    .data               app_timer.o
    0x20000064   0x000039a4   0x00000004   Data   RW         2060    .data               app_util_platform.o
    0x20000068   0x000039a8   0x00000018   Data   RW         2574    .data               nrf_log_backend_uart.o
    0x20000080   0x000039c0   0x0000000c   Data   RW         2644    .data               nrf_log_default_backends.o
    0x2000008c   0x000039cc   0x00000008   Data   RW         2706    .data               nrf_log_frontend.o
    0x20000094   0x000039d4   0x00000008   Data   RW         2707    .data               nrf_log_frontend.o
    0x2000009c   0x000039dc   0x00000040   Data   RW         2869    .data               nrf_log_str_formatter.o
    0x200000dc   0x00003a1c   0x00000004   Data   RW         3285    .data               system_nrf52.o
    0x200000e0   0x00003a20   0x00000004   Data   RW          566    log_dynamic_data    nrf_drv_clock.o
    0x200000e4   0x00003a24   0x00000004   Data   RW          866    log_dynamic_data    nrfx_clock.o
    0x200000e8   0x00003a28   0x00000004   Data   RW         1024    log_dynamic_data    nrfx_gpiote.o
    0x200000ec   0x00003a2c   0x00000004   Data   RW         1276    log_dynamic_data    nrfx_prs.o
    0x200000f0   0x00003a30   0x00000004   Data   RW         1352    log_dynamic_data    nrfx_uart.o
    0x200000f4   0x00003a34   0x00000004   Data   RW         1535    log_dynamic_data    nrfx_uarte.o
    0x200000f8   0x00003a38   0x00000008   Data   RW         2709    log_dynamic_data    nrf_log_frontend.o
    0x20000100        -       0x00000020   Zero   RW            8    .bss                main.o
    0x20000120        -       0x00000020   Zero   RW          400    .bss                bsp.o
    0x20000140        -       0x00000020   Zero   RW          401    .bss                bsp.o
    0x20000160        -       0x0000000c   Zero   RW          402    .bss                bsp.o
    0x2000016c        -       0x00000020   Zero   RW          403    .bss                bsp.o
    0x2000018c        -       0x00000014   Zero   RW          559    .bss                nrf_drv_clock.o
    0x200001a0        -       0x0000005c   Zero   RW         1017    .bss                nrfx_gpiote.o
    0x200001fc        -       0x0000002c   Zero   RW         1345    .bss                nrfx_uart.o
    0x20000228        -       0x00000024   Zero   RW         1528    .bss                nrfx_uarte.o
    0x2000024c        -       0x00000020   Zero   RW         1665    .bss                app_button.o
    0x2000026c        -       0x0000010c   Zero   RW         1907    .bss                app_timer.o
    0x20000378        -       0x00000040   Zero   RW         2571    .bss                nrf_log_backend_uart.o
    0x200003b8        -       0x000000c0   Zero   RW         2703    .bss                nrf_log_frontend.o
    0x20000478        -       0x00000424   Zero   RW         2704    .bss                nrf_log_frontend.o
    0x2000089c   0x00003a40   0x00000004   PAD
    0x200008a0        -       0x00002000   Zero   RW         3273    STACK               arm_startup_nrf52.o


==============================================================================

Image component sizes


      Code (inc. data)   RO Data    RW Data    ZI Data      Debug   Object Name

       488         46          8         32         32      18231   app_button.o
        22          0          0          0          0       2429   app_error.o
       124         40          0          0          0      27377   app_error_weak.o
      1494        118          6         20        268      48099   app_timer.o
        44         10          0          4          0       3272   app_util_platform.o
        36          8        512          0       8192        916   arm_startup_nrf52.o
       314         30          8          0          0      45940   boards.o
       886         78         44         16        108      12777   bsp.o
        48          8          0          0          0       1328   bsp_nfc.o
       274         36         22          1         32      54387   main.o
       294          0          0          0          0       7759   nrf_atomic.o
       152          0          0          0          0       3528   nrf_balloc.o
       214         24         14          4         20      10019   nrf_drv_clock.o
       200         26          0         12          0      17568   nrf_drv_uart.o
        50          0          0          0          0       3481   nrf_fprintf.o
       850          4         16          0          0       5418   nrf_fprintf_format.o
       200          0          0          0          0      11451   nrf_log_backend_serial.o
       232         44         44         24         64      20978   nrf_log_backend_uart.o
        28          6          0         12          0       3151   nrf_log_default_backends.o
      1444        118         64         24       1252      27927   nrf_log_frontend.o
       566        108        102         64          0       5724   nrf_log_str_formatter.o
       330          0          0          0          0       8039   nrf_memobj.o
         0          0          0          0          0       1472   nrf_nvic.o
       270         32         14         12          0      41373   nrfx_clock.o
      1298         98         19          4         92      59201   nrfx_gpiote.o
       102         16         12         12          0       4460   nrfx_prs.o
      1292         40         17          4         44      30910   nrfx_uart.o
      1134         44         18          4         36      24153   nrfx_uarte.o
       796         70          0          4          0       2907   system_nrf52.o

    ----------------------------------------------------------------------
     13210       1012        968        256      10144     504275   Object Totals
         0          0         32          0          0          0   (incl. Generated)
        28          8         16          3          4          0   (incl. Padding)

    ----------------------------------------------------------------------

      Code (inc. data)   RO Data    RW Data    ZI Data      Debug   Library Member Name

         8          4        133          0          0         68   ctype_o.o
         0          0          0          0          0          0   entry.o
         0          0          0          0          0          0   entry10a.o
         0          0          0          0          0          0   entry11a.o
         8          4          0          0          0          0   entry2.o
         4          0          0          0          0          0   entry5.o
         0          0          0          0          0          0   entry7b.o
         0          0          0          0          0          0   entry8b.o
         8          4          0          0          0          0   entry9a.o
        30          0          0          0          0          0   handlers.o
        36          8          0          0          0         68   init.o
        30          0          0          0          0         68   llshl.o
        32          0          0          0          0         68   llushr.o
        36          0          0          0          0         68   memcpya.o
        36          0          0          0          0        108   memseta.o
        14          0          0          0          0         68   strlen.o
        98          0          0          0          0         92   uldiv.o

    ----------------------------------------------------------------------
       342         20        136          0          0        608   Library Totals
         2          0          3          0          0          0   (incl. Padding)

    ----------------------------------------------------------------------

      Code (inc. data)   RO Data    RW Data    ZI Data      Debug   Library Name

       340         20        133          0          0        608   mc_w.l

    ----------------------------------------------------------------------
       342         20        136          0          0        608   Library Totals

    ----------------------------------------------------------------------

==============================================================================


      Code (inc. data)   RO Data    RW Data    ZI Data      Debug   

     13552       1032       1104        256      10144     487331   Grand Totals
     13552       1032       1104        256      10144     487331   ELF Image Totals
     13552       1032       1104        256          0          0   ROM Totals

==============================================================================

    Total RO  Size (Code + RO Data)                14656 (  14.31kB)
    Total RW  Size (RW Data + ZI Data)             10400 (  10.16kB)
    Total ROM Size (Code + RO Data + RW Data)      14912 (  14.56kB)

==============================================================================

